Archive member included because of file (symbol)

/usr/local/pkg/sourcery-g++-lite-arm-eabi-2010.09.51-i686-1/arm-none-eabi/lib/thumb2/libc.a(lib_a-sprintf.o)
                              i2cInit.o (sprintf)
/usr/local/pkg/sourcery-g++-lite-arm-eabi-2010.09.51-i686-1/arm-none-eabi/lib/thumb2/libc.a(lib_a-strcmp.o)
                              debug.o (strcmp)
/usr/local/pkg/sourcery-g++-lite-arm-eabi-2010.09.51-i686-1/arm-none-eabi/lib/thumb2/libc.a(lib_a-strlen.o)
                              debug.o (strlen)
/usr/local/pkg/sourcery-g++-lite-arm-eabi-2010.09.51-i686-1/arm-none-eabi/lib/thumb2/libc.a(lib_a-svfprintf.o)
                              /usr/local/pkg/sourcery-g++-lite-arm-eabi-2010.09.51-i686-1/arm-none-eabi/lib/thumb2/libc.a(lib_a-sprintf.o) (_svfprintf_r)
/usr/local/pkg/sourcery-g++-lite-arm-eabi-2010.09.51-i686-1/arm-none-eabi/lib/thumb2/libc.a(lib_a-vsnprintf.o)
                              debug.o (vsnprintf)
/usr/local/pkg/sourcery-g++-lite-arm-eabi-2010.09.51-i686-1/arm-none-eabi/lib/thumb2/libc.a(lib_a-dtoa.o)
                              /usr/local/pkg/sourcery-g++-lite-arm-eabi-2010.09.51-i686-1/arm-none-eabi/lib/thumb2/libc.a(lib_a-svfprintf.o) (_dtoa_r)
/usr/local/pkg/sourcery-g++-lite-arm-eabi-2010.09.51-i686-1/arm-none-eabi/lib/thumb2/libc.a(lib_a-impure.o)
                              /usr/local/pkg/sourcery-g++-lite-arm-eabi-2010.09.51-i686-1/arm-none-eabi/lib/thumb2/libc.a(lib_a-sprintf.o) (_impure_ptr)
/usr/local/pkg/sourcery-g++-lite-arm-eabi-2010.09.51-i686-1/arm-none-eabi/lib/thumb2/libc.a(lib_a-locale.o)
                              /usr/local/pkg/sourcery-g++-lite-arm-eabi-2010.09.51-i686-1/arm-none-eabi/lib/thumb2/libc.a(lib_a-svfprintf.o) (_localeconv_r)
/usr/local/pkg/sourcery-g++-lite-arm-eabi-2010.09.51-i686-1/arm-none-eabi/lib/thumb2/libc.a(lib_a-malloc.o)
                              /usr/local/pkg/sourcery-g++-lite-arm-eabi-2010.09.51-i686-1/arm-none-eabi/lib/thumb2/libc.a(lib_a-dtoa.o) (malloc)
/usr/local/pkg/sourcery-g++-lite-arm-eabi-2010.09.51-i686-1/arm-none-eabi/lib/thumb2/libc.a(lib_a-mallocr.o)
                              /usr/local/pkg/sourcery-g++-lite-arm-eabi-2010.09.51-i686-1/arm-none-eabi/lib/thumb2/libc.a(lib_a-svfprintf.o) (_malloc_r)
/usr/local/pkg/sourcery-g++-lite-arm-eabi-2010.09.51-i686-1/arm-none-eabi/lib/thumb2/libc.a(lib_a-memchr.o)
                              /usr/local/pkg/sourcery-g++-lite-arm-eabi-2010.09.51-i686-1/arm-none-eabi/lib/thumb2/libc.a(lib_a-svfprintf.o) (memchr)
/usr/local/pkg/sourcery-g++-lite-arm-eabi-2010.09.51-i686-1/arm-none-eabi/lib/thumb2/libc.a(lib_a-memcpy.o)
                              /usr/local/pkg/sourcery-g++-lite-arm-eabi-2010.09.51-i686-1/arm-none-eabi/lib/thumb2/libc.a(lib_a-dtoa.o) (memcpy)
/usr/local/pkg/sourcery-g++-lite-arm-eabi-2010.09.51-i686-1/arm-none-eabi/lib/thumb2/libc.a(lib_a-mlock.o)
                              /usr/local/pkg/sourcery-g++-lite-arm-eabi-2010.09.51-i686-1/arm-none-eabi/lib/thumb2/libc.a(lib_a-mallocr.o) (__malloc_lock)
/usr/local/pkg/sourcery-g++-lite-arm-eabi-2010.09.51-i686-1/arm-none-eabi/lib/thumb2/libc.a(lib_a-mprec.o)
                              /usr/local/pkg/sourcery-g++-lite-arm-eabi-2010.09.51-i686-1/arm-none-eabi/lib/thumb2/libc.a(lib_a-dtoa.o) (_Balloc)
/usr/local/pkg/sourcery-g++-lite-arm-eabi-2010.09.51-i686-1/arm-none-eabi/lib/thumb2/libc.a(lib_a-s_fpclassify.o)
                              /usr/local/pkg/sourcery-g++-lite-arm-eabi-2010.09.51-i686-1/arm-none-eabi/lib/thumb2/libc.a(lib_a-svfprintf.o) (__fpclassifyd)
/usr/local/pkg/sourcery-g++-lite-arm-eabi-2010.09.51-i686-1/arm-none-eabi/lib/thumb2/libc.a(lib_a-sbrkr.o)
                              /usr/local/pkg/sourcery-g++-lite-arm-eabi-2010.09.51-i686-1/arm-none-eabi/lib/thumb2/libc.a(lib_a-mallocr.o) (_sbrk_r)
/usr/local/pkg/sourcery-g++-lite-arm-eabi-2010.09.51-i686-1/arm-none-eabi/lib/thumb2/libc.a(lib_a-svfiprintf.o)
                              /usr/local/pkg/sourcery-g++-lite-arm-eabi-2010.09.51-i686-1/arm-none-eabi/lib/thumb2/libc.a(lib_a-svfprintf.o) (__ssprint_r)
/usr/local/pkg/sourcery-g++-lite-arm-eabi-2010.09.51-i686-1/arm-none-eabi/lib/thumb2/libc.a(lib_a-callocr.o)
                              /usr/local/pkg/sourcery-g++-lite-arm-eabi-2010.09.51-i686-1/arm-none-eabi/lib/thumb2/libc.a(lib_a-mprec.o) (_calloc_r)
/usr/local/pkg/sourcery-g++-lite-arm-eabi-2010.09.51-i686-1/arm-none-eabi/lib/thumb2/libc.a(lib_a-freer.o)
                              /usr/local/pkg/sourcery-g++-lite-arm-eabi-2010.09.51-i686-1/arm-none-eabi/lib/thumb2/libc.a(lib_a-malloc.o) (_free_r)
/usr/local/pkg/sourcery-g++-lite-arm-eabi-2010.09.51-i686-1/arm-none-eabi/lib/thumb2/libc.a(lib_a-memmove.o)
                              /usr/local/pkg/sourcery-g++-lite-arm-eabi-2010.09.51-i686-1/arm-none-eabi/lib/thumb2/libc.a(lib_a-svfiprintf.o) (memmove)
/usr/local/pkg/sourcery-g++-lite-arm-eabi-2010.09.51-i686-1/arm-none-eabi/lib/thumb2/libc.a(lib_a-memset.o)
[...]
Memory Configuration

Name             Origin             Length             Attributes
rom              0x00000000         0x00080000         xr
ram              0x10000000         0x00008000         xrw
ram1             0x2007c000         0x00004000         xrw
ram2             0x20080000         0x00004000         xrw
*default*        0x00000000         0xffffffff

Linker script and memory map

LOAD /opt/york/cs/net/sourcery-g++-lite-arm-eabi-2010.09.51-i686-1/bin/../lib/gcc/arm-none-eabi/4.5.1/thumb2/crti.o
LOAD /opt/york/cs/net/sourcery-g++-lite-arm-eabi-2010.09.51-i686-1/bin/../lib/gcc/arm-none-eabi/4.5.1/thumb2/crtbegin.o
LOAD EffectGenerator.o
LOAD debug.o
LOAD i2cInit.o
LOAD lcdInit.o
LOAD interInit.o
LOAD keypadComms.o
LOAD timerInit.o
LOAD adcInit.o
LOAD dacInit.o
LOAD /usr/local/pkg/lpc1700-cmsis-lite-2011.01.26-i686-1/lib/core_cm3.o
LOAD /usr/local/pkg/lpc1700-cmsis-lite-2011.01.26-i686-1/lib/system_LPC17xx.o
LOAD /usr/local/pkg/lpc1700-cmsis-lite-2011.01.26-i686-1/lib/startup_LPC17xx.o
START GROUP
LOAD /usr/local/pkg/sourcery-g++-lite-arm-eabi-2010.09.51-i686-1/arm-none-eabi/lib/thumb2/libc.a
LOAD /usr/local/pkg/sourcery-g++-lite-arm-eabi-2010.09.51-i686-1/arm-none-eabi/lib/thumb2/libg.a
LOAD /usr/local/pkg/sourcery-g++-lite-arm-eabi-2010.09.51-i686-1/arm-none-eabi/lib/thumb2/libstdc++.a
LOAD /usr/local/pkg/sourcery-g++-lite-arm-eabi-2010.09.51-i686-1/arm-none-eabi/lib/thumb2/libsupc++.a
LOAD /opt/york/cs/net/sourcery-g++-lite-arm-eabi-2010.09.51-i686-1/bin/../lib/gcc/arm-none-eabi/4.5.1/thumb2/libgcc.a
LOAD /usr/local/pkg/sourcery-g++-lite-arm-eabi-2010.09.51-i686-1/arm-none-eabi/lib/thumb2/libm.a
END GROUP
START GROUP
LOAD /opt/york/cs/net/sourcery-g++-lite-arm-eabi-2010.09.51-i686-1/bin/../lib/gcc/arm-none-eabi/4.5.1/thumb2/libgcc.a
LOAD /usr/local/pkg/sourcery-g++-lite-arm-eabi-2010.09.51-i686-1/arm-none-eabi/lib/thumb2/libc.a
LOAD /usr/local/pkg/sourcery-g++-lite-arm-eabi-2010.09.51-i686-1/arm-none-eabi/lib/thumb2/libcs3.a
LOAD /usr/local/pkg/sourcery-g++-lite-arm-eabi-2010.09.51-i686-1/arm-none-eabi/lib/thumb2/libcs3unhosted.a
LOAD /usr/local/pkg/sourcery-g++-lite-arm-eabi-2010.09.51-i686-1/arm-none-eabi/lib/thumb2/libcs3micro.a
END GROUP
                0x10008000                PROVIDE (__cs3_stack, (__cs3_region_start_ram + __cs3_region_size_ram))
                0x000058c0                PROVIDE (__cs3_stack_size, ((__cs3_region_start_ram + __cs3_region_size_ram) - _end))
                0x10002740                PROVIDE (__cs3_heap_start, _end)
                0x10008000                PROVIDE (__cs3_heap_end, (__cs3_region_start_ram + __cs3_region_size_ram))

.text           0x00000000     0xcac8
 CREATE_OBJECT_SYMBOLS
                0x00000000                __cs3_region_start_rom = .
 *(.cs3.region-head.rom)
                0x00000000                __cs3_interrupt_vector = __cs3_interrupt_vector_cortex_m
 *(.cs3.interrupt_vector)
 .cs3.interrupt_vector
                0x00000000       0xcc /usr/local/pkg/lpc1700-cmsis-lite-2011.01.26-i686-1/lib/startup_LPC17xx.o
                0x00000000                __cs3_interrupt_vector_cortex_m
                0x00000001                ASSERT ((. != __cs3_interrupt_vector_cortex_m), No interrupt vector)
 *(.rom)
 *(.rom.b)
                0x000000cc                __cs3_reset = __cs3_reset_cortex_m
 *(.cs3.reset)
 .cs3.reset     0x000000cc       0x10 /usr/local/pkg/lpc1700-cmsis-lite-2011.01.26-i686-1/lib/startup_LPC17xx.o
                0x000000cc                __cs3_reset_cortex_m
                0x00000001                ASSERT ((. != __cs3_reset), No reset code)
 *(.text .text.* .gnu.linkonce.t.*)
 .text          0x000000dc        0x0 /opt/york/cs/net/sourcery-g++-lite-arm-eabi-2010.09.51-i686-1/bin/../lib/gcc/arm-none-eabi/4.5.1/thumb2/crti.o
 .text          0x000000dc       0x30 /opt/york/cs/net/sourcery-g++-lite-arm-eabi-2010.09.51-i686-1/bin/../lib/gcc/arm-none-eabi/4.5.1/thumb2/crtbegin.o
 .text          0x0000010c        0x0 EffectGenerator.o
 .text.ADC_IRQHandler
                0x0000010c       0xe0 EffectGenerator.o
                0x0000010c                ADC_IRQHandler
 .text.upwardCompression
                0x000001ec       0x18 EffectGenerator.o
                0x000001ec                upwardCompression
 .text.main     0x00000204       0x18 EffectGenerator.o
                0x00000204                main
 .text          0x0000021c        0x0 debug.o
 .text.read_usb_serial_none_blocking
                0x0000021c       0x2c debug.o
                0x0000021c                read_usb_serial_none_blocking
 .text.write_usb_serial_blocking
                0x00000248       0x2c debug.o
                0x00000248                write_usb_serial_blocking
 .text.printToTerminal
                0x00000274       0x34 debug.o
                0x00000274                printToTerminal
 .text.printfToTerminal
                0x000002a8       0x5c debug.o
                0x000002a8                printfToTerminal
 .text.dumpRegs
                0x00000304      0x194 debug.o
                0x00000304                dumpRegs
 .text.setColor
                0x00000498      0x10c debug.o
                0x00000498                setColor
 .text.debugAssert
                0x000005a4       0x30 debug.o
                0x000005a4                debugAssert
 .text.debugWarn
                0x000005d4       0x40 debug.o
                0x000005d4                debugWarn
 .text.debugThrow
                0x00000614       0x30 debug.o
                0x00000614                debugThrow
 .text.debug_init
                0x00000644       0x9c debug.o
                0x00000644                debug_init
 .text          0x000006e0        0x0 i2cInit.o
 .text.pollAddresses
                0x000006e0       0xb8 i2cInit.o
                0x000006e0                pollAddresses
 .text.i2c_init
                0x00000798       0x70 i2cInit.o
                0x00000798                i2c_init
 .text          0x00000808        0x0 lcdInit.o
 .text.lcd_transmit
                0x00000808       0x44 lcdInit.o
                0x00000808                lcd_transmit
 .text.checkBusyFlag
                0x0000084c       0xb0 lcdInit.o
                0x0000084c                checkBusyFlag
 .text.asciiShift
                0x000008fc       0x20 lcdInit.o
                0x000008fc                asciiShift
 .text.selectLine
                0x0000091c       0x88 lcdInit.o
                0x0000091c                selectLine
 .text.sendASCII
                0x000009a4       0xd4 lcdInit.o
                0x000009a4                sendASCII
 .text.clearLine
                0x00000a78       0x2c lcdInit.o
                0x00000a78                clearLine
 .text.sendChar
                0x00000aa4       0x74 lcdInit.o
                0x00000aa4                sendChar
 .text.lcd_init
                0x00000b18       0xfc lcdInit.o
                0x00000b18                lcd_init
 .text          0x00000c14        0x0 interInit.o
 .text.SysTick_Handler
                0x00000c14       0x24 interInit.o
                0x00000c14                SysTick_Handler
 .text.Delay    0x00000c38       0x34 interInit.o
                0x00000c38                Delay
 .text.inter_init
                0x00000c6c       0x2c interInit.o
                0x00000c6c                inter_init
 .text          0x00000c98        0x0 keypadComms.o
 .text.keypad_transmit
                0x00000c98       0x64 keypadComms.o
                0x00000c98                keypad_transmit
 .text.keypad_receive
                0x00000cfc       0x64 keypadComms.o
                0x00000cfc                keypad_receive
 .text.transmitAndReceive
                0x00000d60       0x48 keypadComms.o
                0x00000d60                transmitAndReceive
 .text.buttonPressed
                0x00000da8       0x28 keypadComms.o
                0x00000da8                buttonPressed
 .text.determineRow
                0x00000dd0       0x5c keypadComms.o
                0x00000dd0                determineRow
 .text.scanKeypad
                0x00000e2c      0x160 keypadComms.o
                0x00000e2c                scanKeypad
 .text.forceGetKeypadValue
                0x00000f8c       0x28 keypadComms.o
                0x00000f8c                forceGetKeypadValue
 .text          0x00000fb4        0x0 timerInit.o
 .text.NVIC_EnableIRQ
                0x00000fb4       0x38 timerInit.o
 .text.NVIC_SetPriority
                0x00000fec       0x5c timerInit.o
 .text.timerReset
                0x00001048       0x14 timerInit.o
                0x00001048                timerReset
 .text.timerClearInterrupt
                0x0000105c       0x18 timerInit.o
                0x0000105c                timerClearInterrupt
 .text.disableTimer
                0x00001074       0x18 timerInit.o
                0x00001074                disableTimer
 .text.enableTimer
                0x0000108c       0x18 timerInit.o
                0x0000108c                enableTimer
 .text.timer_init
                0x000010a4       0xd0 timerInit.o
                0x000010a4                timer_init
 .text          0x00001174        0x0 adcInit.o
 .text.NVIC_EnableIRQ
                0x00001174       0x38 adcInit.o
 .text.getAdcData
                0x000011ac       0x18 adcInit.o
                0x000011ac                getAdcData
 .text.sadc_init
                0x000011c4       0x88 adcInit.o
                0x000011c4                sadc_init
 .text          0x0000124c        0x0 dacInit.o
 .text.sdac_init
                0x0000124c       0x40 dacInit.o
                0x0000124c                sdac_init
 .text.dacSetValue
                0x0000128c       0x20 dacInit.o
                0x0000128c                dacSetValue
 .text          0x000012ac        0x0 /usr/local/pkg/lpc1700-cmsis-lite-2011.01.26-i686-1/lib/core_cm3.o
 .text          0x000012ac        0x0 /usr/local/pkg/lpc1700-cmsis-lite-2011.01.26-i686-1/lib/system_LPC17xx.o
 .text.SystemCoreClockUpdate
                0x000012ac      0x228 /usr/local/pkg/lpc1700-cmsis-lite-2011.01.26-i686-1/lib/system_LPC17xx.o
                0x000012ac                SystemCoreClockUpdate
 .text.SystemInit
                0x000014d4      0x240 /usr/local/pkg/lpc1700-cmsis-lite-2011.01.26-i686-1/lib/system_LPC17xx.o
                0x000014d4                SystemInit
 .text          0x00001714       0x14 /usr/local/pkg/lpc1700-cmsis-lite-2011.01.26-i686-1/lib/startup_LPC17xx.o
                0x00001714                NMI_Handler
                0x00001716                HardFault_Handler
                0x00001718                MemManage_Handler
                0x0000171a                BusFault_Handler
                0x0000171c                UsageFault_Handler
                0x0000171e                SVC_Handler
                0x00001720                DebugMon_Handler
                0x00001722                PendSV_Handler
                0x00001726                TIMER2_IRQHandler
                0x00001726                RIT_IRQHandler
                0x00001726                I2C0_IRQHandler
                0x00001726                USBActivity_IRQHandler
                0x00001726                PWM1_IRQHandler
                0x00001726                I2C1_IRQHandler
                0x00001726                EINT2_IRQHandler
                0x00001726                UART1_IRQHandler
                0x00001726                EINT3_IRQHandler
                0x00001726                CANActivity_IRQHandler
                0x00001726                TIMER3_IRQHandler
                0x00001726                UART0_IRQHandler
                0x00001726                PLL0_IRQHandler
                0x00001726                CAN_IRQHandler
                0x00001726                PLL1_IRQHandler
                0x00001726                SSP0_IRQHandler
                0x00001726                I2S_IRQHandler
                0x00001726                I2C2_IRQHandler
                0x00001726                RTC_IRQHandler
                0x00001726                TIMER0_IRQHandler
                0x00001726                SPI_IRQHandler
                0x00001726                EINT1_IRQHandler
                0x00001726                TIMER1_IRQHandler
                0x00001726                UART2_IRQHandler
                0x00001726                Default_Handler
                0x00001726                SSP1_IRQHandler
                0x00001726                USB_IRQHandler
                0x00001726                BOD_IRQHandler
                0x00001726                WDT_IRQHandler
                0x00001726                QEI_IRQHandler
                0x00001726                EINT0_IRQHandler
                0x00001726                DMA_IRQHandler
                0x00001726                UART3_IRQHandler
                0x00001726                MCPWM_IRQHandler
                0x00001726                ENET_IRQHandler
 .text          0x00001728       0x94 /usr/local/pkg/sourcery-g++-lite-arm-eabi-2010.09.51-i686-1/arm-none-eabi/lib/thumb2/libc.a(lib_a-sprintf.o)
                0x00001728                _sprintf_r
                0x0000176c                sprintf
 .text          0x000017bc      0x1dc /usr/local/pkg/sourcery-g++-lite-arm-eabi-2010.09.51-i686-1/arm-none-eabi/lib/thumb2/libc.a(lib_a-strcmp.o)
                0x000017bc                strcmp
 .text          0x00001998       0x60 /usr/local/pkg/sourcery-g++-lite-arm-eabi-2010.09.51-i686-1/arm-none-eabi/lib/thumb2/libc.a(lib_a-strlen.o)
                0x00001998                strlen
 .text          0x000019f8     0x1658 /usr/local/pkg/sourcery-g++-lite-arm-eabi-2010.09.51-i686-1/arm-none-eabi/lib/thumb2/libc.a(lib_a-svfprintf.o)
                0x000019f8                _svfprintf_r
 .text          0x00003050       0x7c /usr/local/pkg/sourcery-g++-lite-arm-eabi-2010.09.51-i686-1/arm-none-eabi/lib/thumb2/libc.a(lib_a-vsnprintf.o)
                0x00003050                _vsnprintf_r
                0x000030a8                vsnprintf
 *fill*         0x000030cc        0x4 00
 .text          0x000030d0     0x1000 /usr/local/pkg/sourcery-g++-lite-arm-eabi-2010.09.51-i686-1/arm-none-eabi/lib/thumb2/libc.a(lib_a-dtoa.o)
                0x000031fc                _dtoa_r
 .text          0x000040d0        0x0 /usr/local/pkg/sourcery-g++-lite-arm-eabi-2010.09.51-i686-1/arm-none-eabi/lib/thumb2/libc.a(lib_a-impure.o)
 .text          0x000040d0       0xa0 /usr/local/pkg/sourcery-g++-lite-arm-eabi-2010.09.51-i686-1/arm-none-eabi/lib/thumb2/libc.a(lib_a-locale.o)
                0x000040d0                _setlocale_r
                0x0000412c                __locale_charset
                0x00004138                __locale_mb_cur_max
                0x00004144                __locale_msgcharset
                0x0000414c                __locale_cjk_lang
                0x00004150                _localeconv_r
                0x00004158                setlocale
                0x00004168                localeconv
 .text          0x00004170       0x20 /usr/local/pkg/sourcery-g++-lite-arm-eabi-2010.09.51-i686-1/arm-none-eabi/lib/thumb2/libc.a(lib_a-malloc.o)
                0x00004170                malloc
                0x00004180                free
 .text          0x00004190      0x57c /usr/local/pkg/sourcery-g++-lite-arm-eabi-2010.09.51-i686-1/arm-none-eabi/lib/thumb2/libc.a(lib_a-mallocr.o)
                0x00004190                _malloc_r
 .text          0x0000470c       0x88 /usr/local/pkg/sourcery-g++-lite-arm-eabi-2010.09.51-i686-1/arm-none-eabi/lib/thumb2/libc.a(lib_a-memchr.o)
                0x0000470c                memchr
 .text          0x00004794      0x150 /usr/local/pkg/sourcery-g++-lite-arm-eabi-2010.09.51-i686-1/arm-none-eabi/lib/thumb2/libc.a(lib_a-memcpy.o)
                0x00004794                memcpy
 .text          0x000048e4        0x8 /usr/local/pkg/sourcery-g++-lite-arm-eabi-2010.09.51-i686-1/arm-none-eabi/lib/thumb2/libc.a(lib_a-mlock.o)
                0x000048e4                __malloc_lock
                0x000048e8                __malloc_unlock
 .text          0x000048ec      0x920 /usr/local/pkg/sourcery-g++-lite-arm-eabi-2010.09.51-i686-1/arm-none-eabi/lib/thumb2/libc.a(lib_a-mprec.o)
                0x000048ec                _Balloc
                0x00004954                _Bfree
                0x0000498c                __multadd
                0x00004a10                __s2b
                0x00004aa4                __hi0bits
                0x00004ae4                __lo0bits
                0x00004b48                __i2b
                0x00004b5c                __multiply
                0x00004c84                __pow5mult
                0x00004d28                __lshift
                0x00004dd4                __mcmp
                0x00004e10                __mdiff
                0x00004f08                __ulp
                0x00004f50                __b2d
                0x00004ffc                __d2b
                0x000050c4                __ratio
                0x00005134                _mprec_log10
                0x00005168                __copybits
                0x000051b0                __any_on
 .text          0x0000520c       0x90 /usr/local/pkg/sourcery-g++-lite-arm-eabi-2010.09.51-i686-1/arm-none-eabi/lib/thumb2/libc.a(lib_a-s_fpclassify.o)
                0x0000520c                __fpclassifyd
 .text          0x0000529c       0x28 /usr/local/pkg/sourcery-g++-lite-arm-eabi-2010.09.51-i686-1/arm-none-eabi/lib/thumb2/libc.a(lib_a-sbrkr.o)
                0x0000529c                _sbrk_r
 .text          0x000052c4      0xbe4 /usr/local/pkg/sourcery-g++-lite-arm-eabi-2010.09.51-i686-1/arm-none-eabi/lib/thumb2/libc.a(lib_a-svfiprintf.o)
                0x000052c4                __ssprint_r
                0x000053cc                _svfiprintf_r
 .text          0x00005ea8       0x5c /usr/local/pkg/sourcery-g++-lite-arm-eabi-2010.09.51-i686-1/arm-none-eabi/lib/thumb2/libc.a(lib_a-callocr.o)
                0x00005ea8                _calloc_r
 .text          0x00005f04      0x240 /usr/local/pkg/sourcery-g++-lite-arm-eabi-2010.09.51-i686-1/arm-none-eabi/lib/thumb2/libc.a(lib_a-freer.o)
                0x00005f04                _malloc_trim_r
                0x00005fac                _free_r
 .text          0x00006144       0xa0 /usr/local/pkg/sourcery-g++-lite-arm-eabi-2010.09.51-i686-1/arm-none-eabi/lib/thumb2/libc.a(lib_a-memmove.o)
                0x00006144                memmove
 .text          0x000061e4       0xb4 /usr/local/pkg/sourcery-g++-lite-arm-eabi-2010.09.51-i686-1/arm-none-eabi/lib/thumb2/libc.a(lib_a-memset.o)
                0x000061e4                memset
 .text          0x00006298      0x41c /usr/local/pkg/sourcery-g++-lite-arm-eabi-2010.09.51-i686-1/arm-none-eabi/lib/thumb2/libc.a(lib_a-reallocr.o)
                0x00006298                _realloc_r
 .text          0x000066b4      0x114 /usr/local/pkg/sourcery-g++-lite-arm-eabi-2010.09.51-i686-1/arm-none-eabi/lib/thumb2/libc.a(lib_a-reent.o)
                0x000066b4                cleanup_glue
                0x000066d0                _reclaim_reent
                0x00006790                _wrapup_reent
 .text          0x000067c8      0x278 /opt/york/cs/net/sourcery-g++-lite-arm-eabi-2010.09.51-i686-1/bin/../lib/gcc/arm-none-eabi/4.5.1/thumb2/libgcc.a(_udivsi3.o)
                0x000067c8                __udivsi3
                0x000067c8                __aeabi_uidiv
                0x00006a24                __aeabi_uidivmod
 .text          0x00006a40        0x4 /opt/york/cs/net/sourcery-g++-lite-arm-eabi-2010.09.51-i686-1/bin/../lib/gcc/arm-none-eabi/4.5.1/thumb2/libgcc.a(_dvmd_tls.o)
                0x00006a40                __aeabi_ldiv0
                0x00006a40                __aeabi_idiv0
 .text          0x00006a44      0x370 /opt/york/cs/net/sourcery-g++-lite-arm-eabi-2010.09.51-i686-1/bin/../lib/gcc/arm-none-eabi/4.5.1/thumb2/libgcc.a(_arm_addsubdf3.o)
                0x00006a44                __aeabi_drsub
                0x00006a4c                __aeabi_dsub
                0x00006a4c                __subdf3
                0x00006a50                __adddf3
                0x00006a50                __aeabi_dadd
                0x00006cc8                __aeabi_ui2d
                0x00006cc8                __floatunsidf
                0x00006ce8                __floatsidf
                0x00006ce8                __aeabi_i2d
                0x00006d0c                __extendsfdf2
                0x00006d0c                __aeabi_f2d
                0x00006d48                __aeabi_ul2d
                0x00006d48                __floatundidf
                0x00006d58                __floatdidf
                0x00006d58                __aeabi_l2d
 .text          0x00006db4      0x424 /opt/york/cs/net/sourcery-g++-lite-arm-eabi-2010.09.51-i686-1/bin/../lib/gcc/arm-none-eabi/4.5.1/thumb2/libgcc.a(_arm_muldivdf3.o)
                0x00006db4                __aeabi_dmul
                0x00006db4                __muldf3
                0x00007008                __aeabi_ddiv
                0x00007008                __divdf3
 .text          0x000071d8      0x110 /opt/york/cs/net/sourcery-g++-lite-arm-eabi-2010.09.51-i686-1/bin/../lib/gcc/arm-none-eabi/4.5.1/thumb2/libgcc.a(_arm_cmpdf2.o)
                0x000071d8                __gtdf2
                0x000071d8                __gedf2
                0x000071e0                __ltdf2
                0x000071e0                __ledf2
                0x000071e8                __cmpdf2
                0x000071e8                __eqdf2
                0x000071e8                __nedf2
                0x00007264                __aeabi_cdrcmple
                0x00007274                __aeabi_cdcmple
                0x00007274                __aeabi_cdcmpeq
                0x00007284                __aeabi_dcmpeq
                0x00007298                __aeabi_dcmplt
                0x000072ac                __aeabi_dcmple
                0x000072c0                __aeabi_dcmpge
                0x000072d4                __aeabi_dcmpgt
 .text          0x000072e8       0x50 /opt/york/cs/net/sourcery-g++-lite-arm-eabi-2010.09.51-i686-1/bin/../lib/gcc/arm-none-eabi/4.5.1/thumb2/libgcc.a(_arm_fixdfsi.o)
                0x000072e8                __fixdfsi
                0x000072e8                __aeabi_d2iz
 .text          0x00007338       0x2c /opt/york/cs/net/sourcery-g++-lite-arm-eabi-2010.09.51-i686-1/bin/../lib/gcc/arm-none-eabi/4.5.1/thumb2/libgcc.a(_aeabi_uldivmod.o)
                0x00007338                __aeabi_uldivmod
 .text          0x00007364       0x60 /opt/york/cs/net/sourcery-g++-lite-arm-eabi-2010.09.51-i686-1/bin/../lib/gcc/arm-none-eabi/4.5.1/thumb2/libgcc.a(bpabi.o)
                0x00007364                __gnu_ldivmod_helper
                0x00007394                __gnu_uldivmod_helper
 .text          0x000073c4      0x364 /opt/york/cs/net/sourcery-g++-lite-arm-eabi-2010.09.51-i686-1/bin/../lib/gcc/arm-none-eabi/4.5.1/thumb2/libgcc.a(_divdi3.o)
                0x000073c4                __divdi3
 .text          0x00007728      0x314 /opt/york/cs/net/sourcery-g++-lite-arm-eabi-2010.09.51-i686-1/bin/../lib/gcc/arm-none-eabi/4.5.1/thumb2/libgcc.a(_udivdi3.o)
                0x00007728                __udivdi3
 .text          0x00007a3c       0x30 /usr/local/pkg/sourcery-g++-lite-arm-eabi-2010.09.51-i686-1/arm-none-eabi/lib/thumb2/libcs3.a(start_c.o)
                0x00007a3c                __cs3_premain
 .text.cs3.init
                0x00007a6c       0x50 /usr/local/pkg/sourcery-g++-lite-arm-eabi-2010.09.51-i686-1/arm-none-eabi/lib/thumb2/libcs3.a(start_c.o)
                0x00007a6c                __cs3_start_c
 .text          0x00007abc       0x40 /usr/local/pkg/sourcery-g++-lite-arm-eabi-2010.09.51-i686-1/arm-none-eabi/lib/thumb2/libcs3unhosted.a(unhosted-sbrk.o)
                0x00007abc                _sbrk
 .text          0x00007afc        0x0 /usr/local/pkg/sourcery-g++-lite-arm-eabi-2010.09.51-i686-1/arm-none-eabi/lib/thumb2/libcs3unhosted.a(unhosted-start.o)
 .text.cs3.init
                0x00007afc       0x10 /usr/local/pkg/sourcery-g++-lite-arm-eabi-2010.09.51-i686-1/arm-none-eabi/lib/thumb2/libcs3unhosted.a(unhosted-start.o)
                0x00007afc                _start
 .text          0x00007b0c        0xc /usr/local/pkg/sourcery-g++-lite-arm-eabi-2010.09.51-i686-1/arm-none-eabi/lib/thumb2/libc.a(lib_a-errno.o)
                0x00007b0c                __errno
 .text          0x00007b18       0x50 /usr/local/pkg/sourcery-g++-lite-arm-eabi-2010.09.51-i686-1/arm-none-eabi/lib/thumb2/libc.a(lib_a-init.o)
                0x00007b18                __libc_init_array
 .text          0x00007b68        0x0 /usr/local/pkg/sourcery-g++-lite-arm-eabi-2010.09.51-i686-1/arm-none-eabi/lib/thumb2/libcs3.a(heap.o)
 .text          0x00007b68        0x0 /usr/local/pkg/lpc1700-cmsis-lite-2011.01.26-i686-1/lib/libDriversLPC17xxgnu.a(lpc17xx_adc.o)
 .text.ADC_Init
                0x00007b68       0xa4 /usr/local/pkg/lpc1700-cmsis-lite-2011.01.26-i686-1/lib/libDriversLPC17xxgnu.a(lpc17xx_adc.o)
                0x00007b68                ADC_Init
 .text.ADC_DeInit
                0x00007c0c       0x48 /usr/local/pkg/lpc1700-cmsis-lite-2011.01.26-i686-1/lib/libDriversLPC17xxgnu.a(lpc17xx_adc.o)
                0x00007c0c                ADC_DeInit
 .text.ADC_GetData
                0x00007c54       0x38 /usr/local/pkg/lpc1700-cmsis-lite-2011.01.26-i686-1/lib/libDriversLPC17xxgnu.a(lpc17xx_adc.o)
                0x00007c54                ADC_GetData
 .text.ADC_StartCmd
                0x00007c8c       0x90 /usr/local/pkg/lpc1700-cmsis-lite-2011.01.26-i686-1/lib/libDriversLPC17xxgnu.a(lpc17xx_adc.o)
                0x00007c8c                ADC_StartCmd
 .text.ADC_BurstCmd
                0x00007d1c       0x50 /usr/local/pkg/lpc1700-cmsis-lite-2011.01.26-i686-1/lib/libDriversLPC17xxgnu.a(lpc17xx_adc.o)
                0x00007d1c                ADC_BurstCmd
 .text.ADC_PowerdownCmd
                0x00007d6c       0x50 /usr/local/pkg/lpc1700-cmsis-lite-2011.01.26-i686-1/lib/libDriversLPC17xxgnu.a(lpc17xx_adc.o)
                0x00007d6c                ADC_PowerdownCmd
 .text.ADC_EdgeStartConfig
                0x00007dbc       0x6c /usr/local/pkg/lpc1700-cmsis-lite-2011.01.26-i686-1/lib/libDriversLPC17xxgnu.a(lpc17xx_adc.o)
                0x00007dbc                ADC_EdgeStartConfig
 .text.ADC_IntConfig
                0x00007e28       0xb4 /usr/local/pkg/lpc1700-cmsis-lite-2011.01.26-i686-1/lib/libDriversLPC17xxgnu.a(lpc17xx_adc.o)
                0x00007e28                ADC_IntConfig
 .text.ADC_ChannelCmd
                0x00007edc       0x70 /usr/local/pkg/lpc1700-cmsis-lite-2011.01.26-i686-1/lib/libDriversLPC17xxgnu.a(lpc17xx_adc.o)
                0x00007edc                ADC_ChannelCmd
 .text.ADC_ChannelGetData
                0x00007f4c       0x58 /usr/local/pkg/lpc1700-cmsis-lite-2011.01.26-i686-1/lib/libDriversLPC17xxgnu.a(lpc17xx_adc.o)
                0x00007f4c                ADC_ChannelGetData
 .text.ADC_ChannelGetStatus
                0x00007fa4       0x8c /usr/local/pkg/lpc1700-cmsis-lite-2011.01.26-i686-1/lib/libDriversLPC17xxgnu.a(lpc17xx_adc.o)
                0x00007fa4                ADC_ChannelGetStatus
 .text.ADC_GlobalGetData
                0x00008030       0x34 /usr/local/pkg/lpc1700-cmsis-lite-2011.01.26-i686-1/lib/libDriversLPC17xxgnu.a(lpc17xx_adc.o)
                0x00008030                ADC_GlobalGetData
 .text.ADC_GlobalGetStatus
                0x00008064       0x7c /usr/local/pkg/lpc1700-cmsis-lite-2011.01.26-i686-1/lib/libDriversLPC17xxgnu.a(lpc17xx_adc.o)
                0x00008064                ADC_GlobalGetStatus
 .text          0x000080e0        0x0 /usr/local/pkg/lpc1700-cmsis-lite-2011.01.26-i686-1/lib/libDriversLPC17xxgnu.a(lpc17xx_clkpwr.o)
 .text.CLKPWR_SetPCLKDiv
                0x000080e0       0xd4 /usr/local/pkg/lpc1700-cmsis-lite-2011.01.26-i686-1/lib/libDriversLPC17xxgnu.a(lpc17xx_clkpwr.o)
                0x000080e0                CLKPWR_SetPCLKDiv
 .text.CLKPWR_GetPCLKSEL
                0x000081b4       0x54 /usr/local/pkg/lpc1700-cmsis-lite-2011.01.26-i686-1/lib/libDriversLPC17xxgnu.a(lpc17xx_clkpwr.o)
                0x000081b4                CLKPWR_GetPCLKSEL
 .text.CLKPWR_GetPCLK
                0x00008208       0x70 /usr/local/pkg/lpc1700-cmsis-lite-2011.01.26-i686-1/lib/libDriversLPC17xxgnu.a(lpc17xx_clkpwr.o)
                0x00008208                CLKPWR_GetPCLK
 .text.CLKPWR_ConfigPPWR
                0x00008278       0x80 /usr/local/pkg/lpc1700-cmsis-lite-2011.01.26-i686-1/lib/libDriversLPC17xxgnu.a(lpc17xx_clkpwr.o)
                0x00008278                CLKPWR_ConfigPPWR
 .text.CLKPWR_Sleep
                0x000082f8       0x1c /usr/local/pkg/lpc1700-cmsis-lite-2011.01.26-i686-1/lib/libDriversLPC17xxgnu.a(lpc17xx_clkpwr.o)
                0x000082f8                CLKPWR_Sleep
 .text.CLKPWR_DeepSleep
                0x00008314       0x2c /usr/local/pkg/lpc1700-cmsis-lite-2011.01.26-i686-1/lib/libDriversLPC17xxgnu.a(lpc17xx_clkpwr.o)
                0x00008314                CLKPWR_DeepSleep
 .text.CLKPWR_PowerDown
                0x00008340       0x2c /usr/local/pkg/lpc1700-cmsis-lite-2011.01.26-i686-1/lib/libDriversLPC17xxgnu.a(lpc17xx_clkpwr.o)
                0x00008340                CLKPWR_PowerDown
 .text.CLKPWR_DeepPowerDown
                0x0000836c       0x2c /usr/local/pkg/lpc1700-cmsis-lite-2011.01.26-i686-1/lib/libDriversLPC17xxgnu.a(lpc17xx_clkpwr.o)
                0x0000836c                CLKPWR_DeepPowerDown
 .text          0x00008398        0x0 /usr/local/pkg/lpc1700-cmsis-lite-2011.01.26-i686-1/lib/libDriversLPC17xxgnu.a(lpc17xx_dac.o)
 .text.DAC_Init
                0x00008398       0x40 /usr/local/pkg/lpc1700-cmsis-lite-2011.01.26-i686-1/lib/libDriversLPC17xxgnu.a(lpc17xx_dac.o)
                0x00008398                DAC_Init
 .text.DAC_UpdateValue
                0x000083d8       0x58 /usr/local/pkg/lpc1700-cmsis-lite-2011.01.26-i686-1/lib/libDriversLPC17xxgnu.a(lpc17xx_dac.o)
                0x000083d8                DAC_UpdateValue
 .text.DAC_SetBias
                0x00008430       0x4c /usr/local/pkg/lpc1700-cmsis-lite-2011.01.26-i686-1/lib/libDriversLPC17xxgnu.a(lpc17xx_dac.o)
                0x00008430                DAC_SetBias
 .text.DAC_ConfigDAConverterControl
                0x0000847c       0x78 /usr/local/pkg/lpc1700-cmsis-lite-2011.01.26-i686-1/lib/libDriversLPC17xxgnu.a(lpc17xx_dac.o)
                0x0000847c                DAC_ConfigDAConverterControl
 .text.DAC_SetDMATimeOut
                0x000084f4       0x38 /usr/local/pkg/lpc1700-cmsis-lite-2011.01.26-i686-1/lib/libDriversLPC17xxgnu.a(lpc17xx_dac.o)
                0x000084f4                DAC_SetDMATimeOut
 .text          0x0000852c        0x0 /usr/local/pkg/lpc1700-cmsis-lite-2011.01.26-i686-1/lib/libDriversLPC17xxgnu.a(lpc17xx_i2c.o)
 .text.NVIC_EnableIRQ
                0x0000852c       0x38 /usr/local/pkg/lpc1700-cmsis-lite-2011.01.26-i686-1/lib/libDriversLPC17xxgnu.a(lpc17xx_i2c.o)
 .text.NVIC_DisableIRQ
                0x00008564       0x3c /usr/local/pkg/lpc1700-cmsis-lite-2011.01.26-i686-1/lib/libDriversLPC17xxgnu.a(lpc17xx_i2c.o)
 .text.I2C_getNum
                0x000085a0       0x54 /usr/local/pkg/lpc1700-cmsis-lite-2011.01.26-i686-1/lib/libDriversLPC17xxgnu.a(lpc17xx_i2c.o)
 .text.I2C_Start
                0x000085f4       0x44 /usr/local/pkg/lpc1700-cmsis-lite-2011.01.26-i686-1/lib/libDriversLPC17xxgnu.a(lpc17xx_i2c.o)
 .text.I2C_Stop
                0x00008638       0x38 /usr/local/pkg/lpc1700-cmsis-lite-2011.01.26-i686-1/lib/libDriversLPC17xxgnu.a(lpc17xx_i2c.o)
 .text.I2C_SendByte
                0x00008670       0x50 /usr/local/pkg/lpc1700-cmsis-lite-2011.01.26-i686-1/lib/libDriversLPC17xxgnu.a(lpc17xx_i2c.o)
 .text.I2C_GetByte
                0x000086c0       0x5c /usr/local/pkg/lpc1700-cmsis-lite-2011.01.26-i686-1/lib/libDriversLPC17xxgnu.a(lpc17xx_i2c.o)
 .text.I2C_SetClock
                0x0000871c       0xc8 /usr/local/pkg/lpc1700-cmsis-lite-2011.01.26-i686-1/lib/libDriversLPC17xxgnu.a(lpc17xx_i2c.o)
 .text.I2C_Init
                0x000087e4       0xd8 /usr/local/pkg/lpc1700-cmsis-lite-2011.01.26-i686-1/lib/libDriversLPC17xxgnu.a(lpc17xx_i2c.o)
                0x000087e4                I2C_Init
 .text.I2C_DeInit
                0x000088bc       0xa4 /usr/local/pkg/lpc1700-cmsis-lite-2011.01.26-i686-1/lib/libDriversLPC17xxgnu.a(lpc17xx_i2c.o)
                0x000088bc                I2C_DeInit
 .text.I2C_Cmd  0x00008960       0x84 /usr/local/pkg/lpc1700-cmsis-lite-2011.01.26-i686-1/lib/libDriversLPC17xxgnu.a(lpc17xx_i2c.o)
                0x00008960                I2C_Cmd
 .text.I2C_IntCmd
                0x000089e4       0xa8 /usr/local/pkg/lpc1700-cmsis-lite-2011.01.26-i686-1/lib/libDriversLPC17xxgnu.a(lpc17xx_i2c.o)
                0x000089e4                I2C_IntCmd
 .text.I2C_MasterHandler
                0x00008a8c      0x3d8 /usr/local/pkg/lpc1700-cmsis-lite-2011.01.26-i686-1/lib/libDriversLPC17xxgnu.a(lpc17xx_i2c.o)
                0x00008a8c                I2C_MasterHandler
 .text.I2C_SlaveHandler
                0x00008e64      0x1d8 /usr/local/pkg/lpc1700-cmsis-lite-2011.01.26-i686-1/lib/libDriversLPC17xxgnu.a(lpc17xx_i2c.o)
                0x00008e64                I2C_SlaveHandler
 .text.I2C_MasterTransferData
                0x0000903c      0x33c /usr/local/pkg/lpc1700-cmsis-lite-2011.01.26-i686-1/lib/libDriversLPC17xxgnu.a(lpc17xx_i2c.o)
                0x0000903c                I2C_MasterTransferData
 .text.I2C_SlaveTransferData
                0x00009378      0x268 /usr/local/pkg/lpc1700-cmsis-lite-2011.01.26-i686-1/lib/libDriversLPC17xxgnu.a(lpc17xx_i2c.o)
                0x00009378                I2C_SlaveTransferData
 .text.I2C_SetOwnSlaveAddr
                0x000095e0      0x118 /usr/local/pkg/lpc1700-cmsis-lite-2011.01.26-i686-1/lib/libDriversLPC17xxgnu.a(lpc17xx_i2c.o)
                0x000095e0                I2C_SetOwnSlaveAddr
 .text.I2C_MonitorModeConfig
                0x000096f8       0x9c /usr/local/pkg/lpc1700-cmsis-lite-2011.01.26-i686-1/lib/libDriversLPC17xxgnu.a(lpc17xx_i2c.o)
                0x000096f8                I2C_MonitorModeConfig
 .text.I2C_MonitorModeCmd
                0x00009794       0xb0 /usr/local/pkg/lpc1700-cmsis-lite-2011.01.26-i686-1/lib/libDriversLPC17xxgnu.a(lpc17xx_i2c.o)
                0x00009794                I2C_MonitorModeCmd
 .text.I2C_MonitorGetDatabuffer
                0x00009844       0x54 /usr/local/pkg/lpc1700-cmsis-lite-2011.01.26-i686-1/lib/libDriversLPC17xxgnu.a(lpc17xx_i2c.o)
                0x00009844                I2C_MonitorGetDatabuffer
 .text.I2C_MonitorHandler
                0x00009898       0x6c /usr/local/pkg/lpc1700-cmsis-lite-2011.01.26-i686-1/lib/libDriversLPC17xxgnu.a(lpc17xx_i2c.o)
                0x00009898                I2C_MonitorHandler
 .text.I2C_MasterTransferComplete
                0x00009904       0x40 /usr/local/pkg/lpc1700-cmsis-lite-2011.01.26-i686-1/lib/libDriversLPC17xxgnu.a(lpc17xx_i2c.o)
                0x00009904                I2C_MasterTransferComplete
 .text.I2C_SlaveTransferComplete
                0x00009944       0x40 /usr/local/pkg/lpc1700-cmsis-lite-2011.01.26-i686-1/lib/libDriversLPC17xxgnu.a(lpc17xx_i2c.o)
                0x00009944                I2C_SlaveTransferComplete
 .text          0x00009984        0x0 /usr/local/pkg/lpc1700-cmsis-lite-2011.01.26-i686-1/lib/libDriversLPC17xxgnu.a(lpc17xx_libcfg_default.o)
 .text.check_failed
                0x00009984        0xc /usr/local/pkg/lpc1700-cmsis-lite-2011.01.26-i686-1/lib/libDriversLPC17xxgnu.a(lpc17xx_libcfg_default.o)
                0x00009984                check_failed
 .text          0x00009990        0x0 /usr/local/pkg/lpc1700-cmsis-lite-2011.01.26-i686-1/lib/libDriversLPC17xxgnu.a(lpc17xx_pinsel.o)
 .text.set_PinFunc
                0x00009990       0xa0 /usr/local/pkg/lpc1700-cmsis-lite-2011.01.26-i686-1/lib/libDriversLPC17xxgnu.a(lpc17xx_pinsel.o)
 .text.set_ResistorMode
                0x00009a30       0xa0 /usr/local/pkg/lpc1700-cmsis-lite-2011.01.26-i686-1/lib/libDriversLPC17xxgnu.a(lpc17xx_pinsel.o)
 .text.set_OpenDrainMode
                0x00009ad0       0x80 /usr/local/pkg/lpc1700-cmsis-lite-2011.01.26-i686-1/lib/libDriversLPC17xxgnu.a(lpc17xx_pinsel.o)
 .text.PINSEL_ConfigTraceFunc
                0x00009b50       0x54 /usr/local/pkg/lpc1700-cmsis-lite-2011.01.26-i686-1/lib/libDriversLPC17xxgnu.a(lpc17xx_pinsel.o)
                0x00009b50                PINSEL_ConfigTraceFunc
 .text.PINSEL_SetI2C0Pins
                0x00009ba4       0x3c /usr/local/pkg/lpc1700-cmsis-lite-2011.01.26-i686-1/lib/libDriversLPC17xxgnu.a(lpc17xx_pinsel.o)
                0x00009ba4                PINSEL_SetI2C0Pins
 .text.PINSEL_ConfigPin
                0x00009be0       0x54 /usr/local/pkg/lpc1700-cmsis-lite-2011.01.26-i686-1/lib/libDriversLPC17xxgnu.a(lpc17xx_pinsel.o)
                0x00009be0                PINSEL_ConfigPin
 .text          0x00009c34        0x0 /usr/local/pkg/lpc1700-cmsis-lite-2011.01.26-i686-1/lib/libDriversLPC17xxgnu.a(lpc17xx_systick.o)
 .text.SYSTICK_InternalInit
                0x00009c34       0xb0 /usr/local/pkg/lpc1700-cmsis-lite-2011.01.26-i686-1/lib/libDriversLPC17xxgnu.a(lpc17xx_systick.o)
                0x00009c34                SYSTICK_InternalInit
 .text.SYSTICK_ExternalInit
                0x00009ce4       0xc4 /usr/local/pkg/lpc1700-cmsis-lite-2011.01.26-i686-1/lib/libDriversLPC17xxgnu.a(lpc17xx_systick.o)
                0x00009ce4                SYSTICK_ExternalInit
 .text.SYSTICK_Cmd
                0x00009da8       0x68 /usr/local/pkg/lpc1700-cmsis-lite-2011.01.26-i686-1/lib/libDriversLPC17xxgnu.a(lpc17xx_systick.o)
                0x00009da8                SYSTICK_Cmd
 .text.SYSTICK_IntCmd
                0x00009e10       0x68 /usr/local/pkg/lpc1700-cmsis-lite-2011.01.26-i686-1/lib/libDriversLPC17xxgnu.a(lpc17xx_systick.o)
                0x00009e10                SYSTICK_IntCmd
 .text.SYSTICK_GetCurrentValue
                0x00009e78       0x18 /usr/local/pkg/lpc1700-cmsis-lite-2011.01.26-i686-1/lib/libDriversLPC17xxgnu.a(lpc17xx_systick.o)
                0x00009e78                SYSTICK_GetCurrentValue
 .text.SYSTICK_ClearCounterFlag
                0x00009e90       0x24 /usr/local/pkg/lpc1700-cmsis-lite-2011.01.26-i686-1/lib/libDriversLPC17xxgnu.a(lpc17xx_systick.o)
                0x00009e90                SYSTICK_ClearCounterFlag
 .text          0x00009eb4        0x0 /usr/local/pkg/lpc1700-cmsis-lite-2011.01.26-i686-1/lib/libDriversLPC17xxgnu.a(lpc17xx_timer.o)
 .text.getPClock
                0x00009eb4       0x60 /usr/local/pkg/lpc1700-cmsis-lite-2011.01.26-i686-1/lib/libDriversLPC17xxgnu.a(lpc17xx_timer.o)
 .text.converUSecToVal
                0x00009f14       0x64 /usr/local/pkg/lpc1700-cmsis-lite-2011.01.26-i686-1/lib/libDriversLPC17xxgnu.a(lpc17xx_timer.o)
 .text.converPtrToTimeNum
                0x00009f78       0x74 /usr/local/pkg/lpc1700-cmsis-lite-2011.01.26-i686-1/lib/libDriversLPC17xxgnu.a(lpc17xx_timer.o)
 .text.TIM_GetIntStatus
                0x00009fec       0xbc /usr/local/pkg/lpc1700-cmsis-lite-2011.01.26-i686-1/lib/libDriversLPC17xxgnu.a(lpc17xx_timer.o)
                0x00009fec                TIM_GetIntStatus
 .text.TIM_GetIntCaptureStatus
                0x0000a0a8       0xc0 /usr/local/pkg/lpc1700-cmsis-lite-2011.01.26-i686-1/lib/libDriversLPC17xxgnu.a(lpc17xx_timer.o)
                0x0000a0a8                TIM_GetIntCaptureStatus
 .text.TIM_ClearIntPending
                0x0000a168       0xa8 /usr/local/pkg/lpc1700-cmsis-lite-2011.01.26-i686-1/lib/libDriversLPC17xxgnu.a(lpc17xx_timer.o)
                0x0000a168                TIM_ClearIntPending
 .text.TIM_ClearIntCapturePending
                0x0000a210       0xac /usr/local/pkg/lpc1700-cmsis-lite-2011.01.26-i686-1/lib/libDriversLPC17xxgnu.a(lpc17xx_timer.o)
                0x0000a210                TIM_ClearIntCapturePending
 .text.TIM_ConfigStructInit
                0x0000a2bc       0x40 /usr/local/pkg/lpc1700-cmsis-lite-2011.01.26-i686-1/lib/libDriversLPC17xxgnu.a(lpc17xx_timer.o)
                0x0000a2bc                TIM_ConfigStructInit
 .text.TIM_Init
                0x0000a2fc      0x1d8 /usr/local/pkg/lpc1700-cmsis-lite-2011.01.26-i686-1/lib/libDriversLPC17xxgnu.a(lpc17xx_timer.o)
                0x0000a2fc                TIM_Init
 .text.TIM_DeInit
                0x0000a4d4       0xd0 /usr/local/pkg/lpc1700-cmsis-lite-2011.01.26-i686-1/lib/libDriversLPC17xxgnu.a(lpc17xx_timer.o)
                0x0000a4d4                TIM_DeInit
 .text.TIM_Cmd  0x0000a5a4       0x7c /usr/local/pkg/lpc1700-cmsis-lite-2011.01.26-i686-1/lib/libDriversLPC17xxgnu.a(lpc17xx_timer.o)
                0x0000a5a4                TIM_Cmd
 .text.TIM_ResetCounter
                0x0000a620       0x70 /usr/local/pkg/lpc1700-cmsis-lite-2011.01.26-i686-1/lib/libDriversLPC17xxgnu.a(lpc17xx_timer.o)
                0x0000a620                TIM_ResetCounter
 .text.TIM_ConfigMatch
                0x0000a690      0x1d0 /usr/local/pkg/lpc1700-cmsis-lite-2011.01.26-i686-1/lib/libDriversLPC17xxgnu.a(lpc17xx_timer.o)
                0x0000a690                TIM_ConfigMatch
 .text.TIM_UpdateMatchValue
                0x0000a860       0xa0 /usr/local/pkg/lpc1700-cmsis-lite-2011.01.26-i686-1/lib/libDriversLPC17xxgnu.a(lpc17xx_timer.o)
                0x0000a860                TIM_UpdateMatchValue
 .text.TIM_ConfigCapture
                0x0000a900      0x110 /usr/local/pkg/lpc1700-cmsis-lite-2011.01.26-i686-1/lib/libDriversLPC17xxgnu.a(lpc17xx_timer.o)
                0x0000a900                TIM_ConfigCapture
 .text.TIM_GetCaptureValue
                0x0000aa10       0x8c /usr/local/pkg/lpc1700-cmsis-lite-2011.01.26-i686-1/lib/libDriversLPC17xxgnu.a(lpc17xx_timer.o)
                0x0000aa10                TIM_GetCaptureValue
 .text          0x0000aa9c        0x0 /usr/local/pkg/lpc1700-cmsis-lite-2011.01.26-i686-1/lib/libDriversLPC17xxgnu.a(lpc17xx_uart.o)
 .text.uart_set_divisors
                0x0000aa9c      0x26c /usr/local/pkg/lpc1700-cmsis-lite-2011.01.26-i686-1/lib/libDriversLPC17xxgnu.a(lpc17xx_uart.o)
 .text.UART_Init
                0x0000ad08      0x368 /usr/local/pkg/lpc1700-cmsis-lite-2011.01.26-i686-1/lib/libDriversLPC17xxgnu.a(lpc17xx_uart.o)
                0x0000ad08                UART_Init
 .text.UART_DeInit
                0x0000b070       0xcc /usr/local/pkg/lpc1700-cmsis-lite-2011.01.26-i686-1/lib/libDriversLPC17xxgnu.a(lpc17xx_uart.o)
                0x0000b070                UART_DeInit
 .text.UART_ConfigStructInit
                0x0000b13c       0x34 /usr/local/pkg/lpc1700-cmsis-lite-2011.01.26-i686-1/lib/libDriversLPC17xxgnu.a(lpc17xx_uart.o)
                0x0000b13c                UART_ConfigStructInit
 .text.UART_SendByte
                0x0000b170       0x78 /usr/local/pkg/lpc1700-cmsis-lite-2011.01.26-i686-1/lib/libDriversLPC17xxgnu.a(lpc17xx_uart.o)
                0x0000b170                UART_SendByte
 .text.UART_ReceiveByte
                0x0000b1e8       0x78 /usr/local/pkg/lpc1700-cmsis-lite-2011.01.26-i686-1/lib/libDriversLPC17xxgnu.a(lpc17xx_uart.o)
                0x0000b1e8                UART_ReceiveByte
 .text.UART_Send
                0x0000b260      0x10c /usr/local/pkg/lpc1700-cmsis-lite-2011.01.26-i686-1/lib/libDriversLPC17xxgnu.a(lpc17xx_uart.o)
                0x0000b260                UART_Send
 .text.UART_Receive
                0x0000b36c       0xd8 /usr/local/pkg/lpc1700-cmsis-lite-2011.01.26-i686-1/lib/libDriversLPC17xxgnu.a(lpc17xx_uart.o)
                0x0000b36c                UART_Receive
 .text.UART_ForceBreak
                0x0000b444       0x88 /usr/local/pkg/lpc1700-cmsis-lite-2011.01.26-i686-1/lib/libDriversLPC17xxgnu.a(lpc17xx_uart.o)
                0x0000b444                UART_ForceBreak
 .text.UART_IntConfig
                0x0000b4cc      0x1d0 /usr/local/pkg/lpc1700-cmsis-lite-2011.01.26-i686-1/lib/libDriversLPC17xxgnu.a(lpc17xx_uart.o)
                0x0000b4cc                UART_IntConfig
 .text.UART_GetLineStatus
                0x0000b69c       0x7c /usr/local/pkg/lpc1700-cmsis-lite-2011.01.26-i686-1/lib/libDriversLPC17xxgnu.a(lpc17xx_uart.o)
                0x0000b69c                UART_GetLineStatus
 .text.UART_GetIntId
                0x0000b718       0x68 /usr/local/pkg/lpc1700-cmsis-lite-2011.01.26-i686-1/lib/libDriversLPC17xxgnu.a(lpc17xx_uart.o)
                0x0000b718                UART_GetIntId
 .text.UART_CheckBusy
                0x0000b780       0x2c /usr/local/pkg/lpc1700-cmsis-lite-2011.01.26-i686-1/lib/libDriversLPC17xxgnu.a(lpc17xx_uart.o)
                0x0000b780                UART_CheckBusy
 .text.UART_FIFOConfig
                0x0000b7ac      0x184 /usr/local/pkg/lpc1700-cmsis-lite-2011.01.26-i686-1/lib/libDriversLPC17xxgnu.a(lpc17xx_uart.o)
                0x0000b7ac                UART_FIFOConfig
 .text.UART_FIFOConfigStructInit
                0x0000b930       0x34 /usr/local/pkg/lpc1700-cmsis-lite-2011.01.26-i686-1/lib/libDriversLPC17xxgnu.a(lpc17xx_uart.o)
                0x0000b930                UART_FIFOConfigStructInit
 .text.UART_ABCmd
                0x0000b964      0x15c /usr/local/pkg/lpc1700-cmsis-lite-2011.01.26-i686-1/lib/libDriversLPC17xxgnu.a(lpc17xx_uart.o)
                0x0000b964                UART_ABCmd
 .text.UART_ABClearIntPending
                0x0000bac0       0x88 /usr/local/pkg/lpc1700-cmsis-lite-2011.01.26-i686-1/lib/libDriversLPC17xxgnu.a(lpc17xx_uart.o)
                0x0000bac0                UART_ABClearIntPending
 .text.UART_TxCmd
                0x0000bb48       0xe8 /usr/local/pkg/lpc1700-cmsis-lite-2011.01.26-i686-1/lib/libDriversLPC17xxgnu.a(lpc17xx_uart.o)
                0x0000bb48                UART_TxCmd
 .text.UART_IrDAInvtInputCmd
                0x0000bc30       0x84 /usr/local/pkg/lpc1700-cmsis-lite-2011.01.26-i686-1/lib/libDriversLPC17xxgnu.a(lpc17xx_uart.o)
                0x0000bc30                UART_IrDAInvtInputCmd
 .text.UART_IrDACmd
                0x0000bcb4       0x80 /usr/local/pkg/lpc1700-cmsis-lite-2011.01.26-i686-1/lib/libDriversLPC17xxgnu.a(lpc17xx_uart.o)
                0x0000bcb4                UART_IrDACmd
 .text.UART_IrDAPulseDivConfig
                0x0000bd34       0xac /usr/local/pkg/lpc1700-cmsis-lite-2011.01.26-i686-1/lib/libDriversLPC17xxgnu.a(lpc17xx_uart.o)
                0x0000bd34                UART_IrDAPulseDivConfig
 .text.UART_FullModemForcePinState
                0x0000bde0       0xcc /usr/local/pkg/lpc1700-cmsis-lite-2011.01.26-i686-1/lib/libDriversLPC17xxgnu.a(lpc17xx_uart.o)
                0x0000bde0                UART_FullModemForcePinState
 .text.UART_FullModemConfigMode
                0x0000beac       0xd8 /usr/local/pkg/lpc1700-cmsis-lite-2011.01.26-i686-1/lib/libDriversLPC17xxgnu.a(lpc17xx_uart.o)
                0x0000beac                UART_FullModemConfigMode
 .text.UART_FullModemGetStatus
                0x0000bf84       0x38 /usr/local/pkg/lpc1700-cmsis-lite-2011.01.26-i686-1/lib/libDriversLPC17xxgnu.a(lpc17xx_uart.o)
                0x0000bf84                UART_FullModemGetStatus
 .text.UART_RS485Config
                0x0000bfbc      0x1bc /usr/local/pkg/lpc1700-cmsis-lite-2011.01.26-i686-1/lib/libDriversLPC17xxgnu.a(lpc17xx_uart.o)
                0x0000bfbc                UART_RS485Config
 .text.UART_RS485ReceiverCmd
                0x0000c178       0x48 /usr/local/pkg/lpc1700-cmsis-lite-2011.01.26-i686-1/lib/libDriversLPC17xxgnu.a(lpc17xx_uart.o)
                0x0000c178                UART_RS485ReceiverCmd
 .text.UART_RS485Send
                0x0000c1c0       0x84 /usr/local/pkg/lpc1700-cmsis-lite-2011.01.26-i686-1/lib/libDriversLPC17xxgnu.a(lpc17xx_uart.o)
                0x0000c1c0                UART_RS485Send
 .text.UART_RS485SendSlvAddr
                0x0000c244       0x28 /usr/local/pkg/lpc1700-cmsis-lite-2011.01.26-i686-1/lib/libDriversLPC17xxgnu.a(lpc17xx_uart.o)
                0x0000c244                UART_RS485SendSlvAddr
 .text.UART_RS485SendData
                0x0000c26c       0x28 /usr/local/pkg/lpc1700-cmsis-lite-2011.01.26-i686-1/lib/libDriversLPC17xxgnu.a(lpc17xx_uart.o)
                0x0000c26c                UART_RS485SendData
 .text          0x0000c294      0x21c /opt/york/cs/net/sourcery-g++-lite-arm-eabi-2010.09.51-i686-1/bin/../lib/gcc/arm-none-eabi/4.5.1/thumb2/libgcc.a(_arm_addsubsf3.o)
                0x0000c294                __aeabi_frsub
                0x0000c29c                __subsf3
                0x0000c29c                __aeabi_fsub
                0x0000c2a0                __aeabi_fadd
                0x0000c2a0                __addsf3
                0x0000c400                __aeabi_ui2f
                0x0000c400                __floatunsisf
                0x0000c408                __aeabi_i2f
                0x0000c408                __floatsisf
                0x0000c424                __floatundisf
                0x0000c424                __aeabi_ul2f
                0x0000c434                __floatdisf
                0x0000c434                __aeabi_l2f
 .text          0x0000c4b0       0xec /opt/york/cs/net/sourcery-g++-lite-arm-eabi-2010.09.51-i686-1/bin/../lib/gcc/arm-none-eabi/4.5.1/thumb2/libgcc.a(_arm_cmpsf2.o)
                0x0000c4b0                __gtsf2
                0x0000c4b0                __gesf2
                0x0000c4b8                __lesf2
                0x0000c4b8                __ltsf2
                0x0000c4c0                __nesf2
                0x0000c4c0                __eqsf2
                0x0000c4c0                __cmpsf2
                0x0000c520                __aeabi_cfrcmple
                0x0000c528                __aeabi_cfcmple
                0x0000c528                __aeabi_cfcmpeq
                0x0000c538                __aeabi_fcmpeq
                0x0000c54c                __aeabi_fcmplt
                0x0000c560                __aeabi_fcmple
                0x0000c574                __aeabi_fcmpge
                0x0000c588                __aeabi_fcmpgt
 .text          0x0000c59c        0x0 /opt/york/cs/net/sourcery-g++-lite-arm-eabi-2010.09.51-i686-1/bin/../lib/gcc/arm-none-eabi/4.5.1/thumb2/crtend.o
 .text          0x0000c59c        0x0 /opt/york/cs/net/sourcery-g++-lite-arm-eabi-2010.09.51-i686-1/bin/../lib/gcc/arm-none-eabi/4.5.1/thumb2/crtn.o
 *(.plt)
 *(.gnu.warning)
 *(.glue_7t)
 .glue_7t       0x00000000        0x0 linker stubs
 *(.glue_7)
 .glue_7        0x00000000        0x0 linker stubs
 *(.vfp11_veneer)
 .vfp11_veneer  0x00000000        0x0 linker stubs
 *(.rodata .rodata.* .gnu.linkonce.r.*)
 .rodata        0x0000c59c      0x228 debug.o
 .rodata        0x0000c7c4       0x18 i2cInit.o
 .rodata        0x0000c7dc       0x84 lcdInit.o
 .rodata        0x0000c860       0x20 /usr/local/pkg/sourcery-g++-lite-arm-eabi-2010.09.51-i686-1/arm-none-eabi/lib/thumb2/libc.a(lib_a-svfprintf.o)
 .rodata.str1.4
                0x0000c880       0x42 /usr/local/pkg/sourcery-g++-lite-arm-eabi-2010.09.51-i686-1/arm-none-eabi/lib/thumb2/libc.a(lib_a-svfprintf.o)
                                 0x44 (size before relaxing)
 *fill*         0x0000c8c2        0x2 00
 .rodata.str1.4
                0x0000c8c4       0x10 /usr/local/pkg/sourcery-g++-lite-arm-eabi-2010.09.51-i686-1/arm-none-eabi/lib/thumb2/libc.a(lib_a-dtoa.o)
                                 0x14 (size before relaxing)
 .rodata        0x0000c8d4        0x4 /usr/local/pkg/sourcery-g++-lite-arm-eabi-2010.09.51-i686-1/arm-none-eabi/lib/thumb2/libc.a(lib_a-impure.o)
                0x0000c8d4                _global_impure_ptr
 .rodata.str1.4
                0x0000c8d8        0x2 /usr/local/pkg/sourcery-g++-lite-arm-eabi-2010.09.51-i686-1/arm-none-eabi/lib/thumb2/libc.a(lib_a-impure.o)
                                  0x4 (size before relaxing)
 *fill*         0x0000c8da        0x2 00
 .rodata.str1.4
                0x0000c8dc        0xc /usr/local/pkg/sourcery-g++-lite-arm-eabi-2010.09.51-i686-1/arm-none-eabi/lib/thumb2/libc.a(lib_a-locale.o)
                                 0x14 (size before relaxing)
 .rodata        0x0000c8e8      0x128 /usr/local/pkg/sourcery-g++-lite-arm-eabi-2010.09.51-i686-1/arm-none-eabi/lib/thumb2/libc.a(lib_a-mprec.o)
                0x0000c8f8                __mprec_tens
                0x0000c9c0                __mprec_bigtens
                0x0000c9e8                __mprec_tinytens
 .rodata        0x0000ca10       0x20 /usr/local/pkg/sourcery-g++-lite-arm-eabi-2010.09.51-i686-1/arm-none-eabi/lib/thumb2/libc.a(lib_a-svfiprintf.o)
 .rodata.str1.4
                0x00000000       0x30 /usr/local/pkg/sourcery-g++-lite-arm-eabi-2010.09.51-i686-1/arm-none-eabi/lib/thumb2/libc.a(lib_a-svfiprintf.o)
 .rodata        0x0000ca30       0x10 /usr/local/pkg/lpc1700-cmsis-lite-2011.01.26-i686-1/lib/libDriversLPC17xxgnu.a(lpc17xx_adc.o)
 .rodata        0x0000ca40       0x10 /usr/local/pkg/lpc1700-cmsis-lite-2011.01.26-i686-1/lib/libDriversLPC17xxgnu.a(lpc17xx_dac.o)
 .rodata        0x0000ca50       0x10 /usr/local/pkg/lpc1700-cmsis-lite-2011.01.26-i686-1/lib/libDriversLPC17xxgnu.a(lpc17xx_i2c.o)
 .rodata        0x0000ca60       0x14 /usr/local/pkg/lpc1700-cmsis-lite-2011.01.26-i686-1/lib/libDriversLPC17xxgnu.a(lpc17xx_systick.o)
 .rodata        0x0000ca74       0x10 /usr/local/pkg/lpc1700-cmsis-lite-2011.01.26-i686-1/lib/libDriversLPC17xxgnu.a(lpc17xx_timer.o)
 .rodata        0x0000ca84       0x10 /usr/local/pkg/lpc1700-cmsis-lite-2011.01.26-i686-1/lib/libDriversLPC17xxgnu.a(lpc17xx_uart.o)
 *(.ARM.extab* .gnu.linkonce.armextab.*)
 .ARM.extab.cs3.reset
                0x0000ca94        0x0 /usr/local/pkg/lpc1700-cmsis-lite-2011.01.26-i686-1/lib/startup_LPC17xx.o
 .ARM.extab     0x0000ca94        0x0 /opt/york/cs/net/sourcery-g++-lite-arm-eabi-2010.09.51-i686-1/bin/../lib/gcc/arm-none-eabi/4.5.1/thumb2/libgcc.a(_divdi3.o)
 .ARM.extab     0x0000ca94        0x0 /opt/york/cs/net/sourcery-g++-lite-arm-eabi-2010.09.51-i686-1/bin/../lib/gcc/arm-none-eabi/4.5.1/thumb2/libgcc.a(_udivdi3.o)
 *(.gcc_except_table)
 *(.eh_frame_hdr)
 *(.eh_frame)
                0x0000ca94                . = ALIGN (0x4)
 *(.init)
 .init          0x0000ca94        0x4 /opt/york/cs/net/sourcery-g++-lite-arm-eabi-2010.09.51-i686-1/bin/../lib/gcc/arm-none-eabi/4.5.1/thumb2/crti.o
                0x0000ca94                _init
 .init          0x0000ca98        0x8 /opt/york/cs/net/sourcery-g++-lite-arm-eabi-2010.09.51-i686-1/bin/../lib/gcc/arm-none-eabi/4.5.1/thumb2/crtn.o
                0x0000caa0                . = ALIGN (0x4)
                0x0000caa0                __preinit_array_start = .
 *(.preinit_array)
                0x0000caa0                __preinit_array_end = .
                0x0000caa0                . = ALIGN (0x4)
                0x0000caa0                __init_array_start = .
 *(SORT(.init_array.*))
 *(.init_array)
 .init_array    0x0000caa0        0x4 /opt/york/cs/net/sourcery-g++-lite-arm-eabi-2010.09.51-i686-1/bin/../lib/gcc/arm-none-eabi/4.5.1/thumb2/crtbegin.o
                0x0000caa4                __init_array_end = .
                0x0000caa4                . = ALIGN (0x4)
 *crtbegin.o(.ctors)
 *(EXCLUDE_FILE(*crtend.o) .ctors)
 *(SORT(.ctors.*))
 *crtend.o(.ctors)
                0x0000caa4                . = ALIGN (0x4)
 *(.fini)
 .fini          0x0000caa4        0x4 /opt/york/cs/net/sourcery-g++-lite-arm-eabi-2010.09.51-i686-1/bin/../lib/gcc/arm-none-eabi/4.5.1/thumb2/crti.o
                0x0000caa4                _fini
 .fini          0x0000caa8        0x8 /opt/york/cs/net/sourcery-g++-lite-arm-eabi-2010.09.51-i686-1/bin/../lib/gcc/arm-none-eabi/4.5.1/thumb2/crtn.o
                0x0000cab0                . = ALIGN (0x4)
                0x0000cab0                __fini_array_start = .
 *(.fini_array)
 .fini_array    0x0000cab0        0x4 /opt/york/cs/net/sourcery-g++-lite-arm-eabi-2010.09.51-i686-1/bin/../lib/gcc/arm-none-eabi/4.5.1/thumb2/crtbegin.o
 *(SORT(.fini_array.*))
                0x0000cab4                __fini_array_end = .
 *crtbegin.o(.dtors)
 *(EXCLUDE_FILE(*crtend.o) .dtors)
 *(SORT(.dtors.*))
 *crtend.o(.dtors)
                0x0000cab4                . = ALIGN (0x4)
                0x0000cab4                __cs3_regions = .
                0x0000cab4        0x4 LONG 0x0
                0x0000cab8        0x4 LONG 0xcad0 __cs3_region_init_ram
                0x0000cabc        0x4 LONG 0x10000000 __cs3_region_start_ram
                0x0000cac0        0x4 LONG 0x5a8 __cs3_region_init_size_ram
                0x0000cac4        0x4 LONG 0x2198 __cs3_region_zero_size_ram
                0x0000cac8                __exidx_start = .

.v4_bx          0x0000cac8        0x0
 .v4_bx         0x00000000        0x0 linker stubs

.ARM.exidx      0x0000cac8        0x8
 *(.ARM.exidx* .gnu.linkonce.armexidx.*)
 .ARM.exidx.cs3.reset
                0x0000cac8        0x8 /usr/local/pkg/lpc1700-cmsis-lite-2011.01.26-i686-1/lib/startup_LPC17xx.o
 .ARM.exidx     0x0000cad0        0x0 /opt/york/cs/net/sourcery-g++-lite-arm-eabi-2010.09.51-i686-1/bin/../lib/gcc/arm-none-eabi/4.5.1/thumb2/libgcc.a(_divdi3.o)
                                  0x8 (size before relaxing)
 .ARM.exidx     0x0000cad0        0x0 /opt/york/cs/net/sourcery-g++-lite-arm-eabi-2010.09.51-i686-1/bin/../lib/gcc/arm-none-eabi/4.5.1/thumb2/libgcc.a(_udivdi3.o)
                                  0x8 (size before relaxing)
                0x0000cad0                __exidx_end = .

.text.align     0x0000cad0        0x0
                0x0000cad0                . = ALIGN (0x8)
                0x0000cad0                _etext = .
                0x00080000                __cs3_region_size_rom = 0x80000
                0x00000001                __cs3_region_num = 0x1

.data           0x10000000      0x5a8 load address 0x0000cad0
                0x10000000                __cs3_region_start_ram = .
 *(.cs3.region-head.ram)
 *(.jcr)
 .jcr           0x10000000        0x0 /opt/york/cs/net/sourcery-g++-lite-arm-eabi-2010.09.51-i686-1/bin/../lib/gcc/arm-none-eabi/4.5.1/thumb2/crtbegin.o
 .jcr           0x10000000        0x4 /opt/york/cs/net/sourcery-g++-lite-arm-eabi-2010.09.51-i686-1/bin/../lib/gcc/arm-none-eabi/4.5.1/thumb2/crtend.o
 *(.got.plt)
 *(.got)
 *(.shdata)
 *(.data .data.* .gnu.linkonce.d.*)
 .data          0x10000004        0x0 /opt/york/cs/net/sourcery-g++-lite-arm-eabi-2010.09.51-i686-1/bin/../lib/gcc/arm-none-eabi/4.5.1/thumb2/crti.o
 .data          0x10000004        0x4 /opt/york/cs/net/sourcery-g++-lite-arm-eabi-2010.09.51-i686-1/bin/../lib/gcc/arm-none-eabi/4.5.1/thumb2/crtbegin.o
                0x10000004                __dso_handle
 .data          0x10000008        0x0 EffectGenerator.o
 .data.sampleP  0x10000008        0x4 EffectGenerator.o
                0x10000008                sampleP
 .data          0x1000000c        0x0 debug.o
 .data          0x1000000c        0x0 i2cInit.o
 .data          0x1000000c        0x0 lcdInit.o
 .data          0x1000000c        0x0 interInit.o
 .data          0x1000000c        0x0 keypadComms.o
 .data.charMatrix
                0x1000000c       0x10 keypadComms.o
                0x1000000c                charMatrix
 .data          0x1000001c        0x0 timerInit.o
 .data          0x1000001c        0x0 adcInit.o
 .data          0x1000001c        0x0 dacInit.o
 .data          0x1000001c        0x0 /usr/local/pkg/lpc1700-cmsis-lite-2011.01.26-i686-1/lib/core_cm3.o
 .data          0x1000001c        0x0 /usr/local/pkg/lpc1700-cmsis-lite-2011.01.26-i686-1/lib/system_LPC17xx.o
 .data.SystemCoreClock
                0x1000001c        0x4 /usr/local/pkg/lpc1700-cmsis-lite-2011.01.26-i686-1/lib/system_LPC17xx.o
                0x1000001c                SystemCoreClock
 .data          0x10000020        0x0 /usr/local/pkg/lpc1700-cmsis-lite-2011.01.26-i686-1/lib/startup_LPC17xx.o
 .data          0x10000020        0x0 /usr/local/pkg/sourcery-g++-lite-arm-eabi-2010.09.51-i686-1/arm-none-eabi/lib/thumb2/libc.a(lib_a-sprintf.o)
 .data          0x10000020        0x0 /usr/local/pkg/sourcery-g++-lite-arm-eabi-2010.09.51-i686-1/arm-none-eabi/lib/thumb2/libc.a(lib_a-strcmp.o)
 .data          0x10000020        0x0 /usr/local/pkg/sourcery-g++-lite-arm-eabi-2010.09.51-i686-1/arm-none-eabi/lib/thumb2/libc.a(lib_a-strlen.o)
 .data          0x10000020        0x0 /usr/local/pkg/sourcery-g++-lite-arm-eabi-2010.09.51-i686-1/arm-none-eabi/lib/thumb2/libc.a(lib_a-svfprintf.o)
 .data          0x10000020        0x0 /usr/local/pkg/sourcery-g++-lite-arm-eabi-2010.09.51-i686-1/arm-none-eabi/lib/thumb2/libc.a(lib_a-vsnprintf.o)
 .data          0x10000020        0x0 /usr/local/pkg/sourcery-g++-lite-arm-eabi-2010.09.51-i686-1/arm-none-eabi/lib/thumb2/libc.a(lib_a-dtoa.o)
 .data          0x10000020       0xf4 /usr/local/pkg/sourcery-g++-lite-arm-eabi-2010.09.51-i686-1/arm-none-eabi/lib/thumb2/libc.a(lib_a-impure.o)
                0x10000020                _impure_ptr
 .data          0x10000114       0x7c /usr/local/pkg/sourcery-g++-lite-arm-eabi-2010.09.51-i686-1/arm-none-eabi/lib/thumb2/libc.a(lib_a-locale.o)
                0x10000134                __mb_cur_max
 .data          0x10000190        0x0 /usr/local/pkg/sourcery-g++-lite-arm-eabi-2010.09.51-i686-1/arm-none-eabi/lib/thumb2/libc.a(lib_a-malloc.o)
 .data          0x10000190      0x410 /usr/local/pkg/sourcery-g++-lite-arm-eabi-2010.09.51-i686-1/arm-none-eabi/lib/thumb2/libc.a(lib_a-mallocr.o)
                0x10000190                __malloc_av_
                0x10000598                __malloc_sbrk_base
                0x1000059c                __malloc_trim_threshold
 .data          0x100005a0        0x0 /usr/local/pkg/sourcery-g++-lite-arm-eabi-2010.09.51-i686-1/arm-none-eabi/lib/thumb2/libc.a(lib_a-memchr.o)
 .data          0x100005a0        0x0 /usr/local/pkg/sourcery-g++-lite-arm-eabi-2010.09.51-i686-1/arm-none-eabi/lib/thumb2/libc.a(lib_a-memcpy.o)
 .data          0x100005a0        0x0 /usr/local/pkg/sourcery-g++-lite-arm-eabi-2010.09.51-i686-1/arm-none-eabi/lib/thumb2/libc.a(lib_a-mlock.o)
 .data          0x100005a0        0x0 /usr/local/pkg/sourcery-g++-lite-arm-eabi-2010.09.51-i686-1/arm-none-eabi/lib/thumb2/libc.a(lib_a-mprec.o)
 .data          0x100005a0        0x0 /usr/local/pkg/sourcery-g++-lite-arm-eabi-2010.09.51-i686-1/arm-none-eabi/lib/thumb2/libc.a(lib_a-s_fpclassify.o)
 .data          0x100005a0        0x0 /usr/local/pkg/sourcery-g++-lite-arm-eabi-2010.09.51-i686-1/arm-none-eabi/lib/thumb2/libc.a(lib_a-sbrkr.o)
 .data          0x100005a0        0x0 /usr/local/pkg/sourcery-g++-lite-arm-eabi-2010.09.51-i686-1/arm-none-eabi/lib/thumb2/libc.a(lib_a-svfiprintf.o)
 .data          0x100005a0        0x0 /usr/local/pkg/sourcery-g++-lite-arm-eabi-2010.09.51-i686-1/arm-none-eabi/lib/thumb2/libc.a(lib_a-callocr.o)
 .data          0x100005a0        0x0 /usr/local/pkg/sourcery-g++-lite-arm-eabi-2010.09.51-i686-1/arm-none-eabi/lib/thumb2/libc.a(lib_a-freer.o)
 .data          0x100005a0        0x0 /usr/local/pkg/sourcery-g++-lite-arm-eabi-2010.09.51-i686-1/arm-none-eabi/lib/thumb2/libc.a(lib_a-memmove.o)
 .data          0x100005a0        0x0 /usr/local/pkg/sourcery-g++-lite-arm-eabi-2010.09.51-i686-1/arm-none-eabi/lib/thumb2/libc.a(lib_a-memset.o)
 .data          0x100005a0        0x0 /usr/local/pkg/sourcery-g++-lite-arm-eabi-2010.09.51-i686-1/arm-none-eabi/lib/thumb2/libc.a(lib_a-reallocr.o)
 .data          0x100005a0        0x0 /usr/local/pkg/sourcery-g++-lite-arm-eabi-2010.09.51-i686-1/arm-none-eabi/lib/thumb2/libc.a(lib_a-reent.o)
 .data          0x100005a0        0x0 /opt/york/cs/net/sourcery-g++-lite-arm-eabi-2010.09.51-i686-1/bin/../lib/gcc/arm-none-eabi/4.5.1/thumb2/libgcc.a(_udivsi3.o)
 .data          0x100005a0        0x0 /opt/york/cs/net/sourcery-g++-lite-arm-eabi-2010.09.51-i686-1/bin/../lib/gcc/arm-none-eabi/4.5.1/thumb2/libgcc.a(_dvmd_tls.o)
 .data          0x100005a0        0x0 /opt/york/cs/net/sourcery-g++-lite-arm-eabi-2010.09.51-i686-1/bin/../lib/gcc/arm-none-eabi/4.5.1/thumb2/libgcc.a(_arm_addsubdf3.o)
 .data          0x100005a0        0x0 /opt/york/cs/net/sourcery-g++-lite-arm-eabi-2010.09.51-i686-1/bin/../lib/gcc/arm-none-eabi/4.5.1/thumb2/libgcc.a(_arm_muldivdf3.o)
 .data          0x100005a0        0x0 /opt/york/cs/net/sourcery-g++-lite-arm-eabi-2010.09.51-i686-1/bin/../lib/gcc/arm-none-eabi/4.5.1/thumb2/libgcc.a(_arm_cmpdf2.o)
 .data          0x100005a0        0x0 /opt/york/cs/net/sourcery-g++-lite-arm-eabi-2010.09.51-i686-1/bin/../lib/gcc/arm-none-eabi/4.5.1/thumb2/libgcc.a(_arm_fixdfsi.o)
 .data          0x100005a0        0x0 /opt/york/cs/net/sourcery-g++-lite-arm-eabi-2010.09.51-i686-1/bin/../lib/gcc/arm-none-eabi/4.5.1/thumb2/libgcc.a(_aeabi_uldivmod.o)
 .data          0x100005a0        0x0 /opt/york/cs/net/sourcery-g++-lite-arm-eabi-2010.09.51-i686-1/bin/../lib/gcc/arm-none-eabi/4.5.1/thumb2/libgcc.a(bpabi.o)
 .data          0x100005a0        0x0 /opt/york/cs/net/sourcery-g++-lite-arm-eabi-2010.09.51-i686-1/bin/../lib/gcc/arm-none-eabi/4.5.1/thumb2/libgcc.a(_divdi3.o)
 .data          0x100005a0        0x0 /opt/york/cs/net/sourcery-g++-lite-arm-eabi-2010.09.51-i686-1/bin/../lib/gcc/arm-none-eabi/4.5.1/thumb2/libgcc.a(_udivdi3.o)
 .data          0x100005a0        0x0 /usr/local/pkg/sourcery-g++-lite-arm-eabi-2010.09.51-i686-1/arm-none-eabi/lib/thumb2/libcs3.a(start_c.o)
 .data          0x100005a0        0x4 /usr/local/pkg/sourcery-g++-lite-arm-eabi-2010.09.51-i686-1/arm-none-eabi/lib/thumb2/libcs3unhosted.a(unhosted-sbrk.o)
 .data          0x100005a4        0x0 /usr/local/pkg/sourcery-g++-lite-arm-eabi-2010.09.51-i686-1/arm-none-eabi/lib/thumb2/libcs3unhosted.a(unhosted-start.o)
 .data          0x100005a4        0x0 /usr/local/pkg/sourcery-g++-lite-arm-eabi-2010.09.51-i686-1/arm-none-eabi/lib/thumb2/libc.a(lib_a-errno.o)
 .data          0x100005a4        0x0 /usr/local/pkg/sourcery-g++-lite-arm-eabi-2010.09.51-i686-1/arm-none-eabi/lib/thumb2/libc.a(lib_a-init.o)
 .data          0x100005a4        0x4 /usr/local/pkg/sourcery-g++-lite-arm-eabi-2010.09.51-i686-1/arm-none-eabi/lib/thumb2/libcs3.a(heap.o)
                0x100005a4                __cs3_heap_limit
 .data          0x100005a8        0x0 /usr/local/pkg/lpc1700-cmsis-lite-2011.01.26-i686-1/lib/libDriversLPC17xxgnu.a(lpc17xx_adc.o)
 .data          0x100005a8        0x0 /usr/local/pkg/lpc1700-cmsis-lite-2011.01.26-i686-1/lib/libDriversLPC17xxgnu.a(lpc17xx_clkpwr.o)
 .data          0x100005a8        0x0 /usr/local/pkg/lpc1700-cmsis-lite-2011.01.26-i686-1/lib/libDriversLPC17xxgnu.a(lpc17xx_dac.o)
 .data          0x100005a8        0x0 /usr/local/pkg/lpc1700-cmsis-lite-2011.01.26-i686-1/lib/libDriversLPC17xxgnu.a(lpc17xx_i2c.o)
 .data          0x100005a8        0x0 /usr/local/pkg/lpc1700-cmsis-lite-2011.01.26-i686-1/lib/libDriversLPC17xxgnu.a(lpc17xx_libcfg_default.o)
 .data          0x100005a8        0x0 /usr/local/pkg/lpc1700-cmsis-lite-2011.01.26-i686-1/lib/libDriversLPC17xxgnu.a(lpc17xx_pinsel.o)
 .data          0x100005a8        0x0 /usr/local/pkg/lpc1700-cmsis-lite-2011.01.26-i686-1/lib/libDriversLPC17xxgnu.a(lpc17xx_systick.o)
 .data          0x100005a8        0x0 /usr/local/pkg/lpc1700-cmsis-lite-2011.01.26-i686-1/lib/libDriversLPC17xxgnu.a(lpc17xx_timer.o)
 .data          0x100005a8        0x0 /usr/local/pkg/lpc1700-cmsis-lite-2011.01.26-i686-1/lib/libDriversLPC17xxgnu.a(lpc17xx_uart.o)
 .data          0x100005a8        0x0 /opt/york/cs/net/sourcery-g++-lite-arm-eabi-2010.09.51-i686-1/bin/../lib/gcc/arm-none-eabi/4.5.1/thumb2/libgcc.a(_arm_addsubsf3.o)
 .data          0x100005a8        0x0 /opt/york/cs/net/sourcery-g++-lite-arm-eabi-2010.09.51-i686-1/bin/../lib/gcc/arm-none-eabi/4.5.1/thumb2/libgcc.a(_arm_cmpsf2.o)
 .data          0x100005a8        0x0 /opt/york/cs/net/sourcery-g++-lite-arm-eabi-2010.09.51-i686-1/bin/../lib/gcc/arm-none-eabi/4.5.1/thumb2/crtend.o
 .data          0x100005a8        0x0 /opt/york/cs/net/sourcery-g++-lite-arm-eabi-2010.09.51-i686-1/bin/../lib/gcc/arm-none-eabi/4.5.1/thumb2/crtn.o
 *(.ram)
                0x100005a8                . = ALIGN (0x8)
                0x100005a8                _edata = .

.bss            0x100005a8     0x2198 load address 0x0000d078
 *(.shbss)
 *(.bss .bss.* .gnu.linkonce.b.*)
 .bss           0x100005a8        0x0 /opt/york/cs/net/sourcery-g++-lite-arm-eabi-2010.09.51-i686-1/bin/../lib/gcc/arm-none-eabi/4.5.1/thumb2/crti.o
 .bss           0x100005a8        0x1 /opt/york/cs/net/sourcery-g++-lite-arm-eabi-2010.09.51-i686-1/bin/../lib/gcc/arm-none-eabi/4.5.1/thumb2/crtbegin.o
 .bss           0x100005a9        0x0 EffectGenerator.o
 *fill*         0x100005a9        0x1 00
 .bss.medianSample
                0x100005aa        0x2 EffectGenerator.o
                0x100005aa                medianSample
 .bss           0x100005ac        0x0 debug.o
 .bss           0x100005ac        0x0 i2cInit.o
 .bss           0x100005ac        0x0 lcdInit.o
 .bss           0x100005ac        0x0 interInit.o
 .bss           0x100005ac        0x0 keypadComms.o
 .bss           0x100005ac        0x0 timerInit.o
 .bss           0x100005ac        0x0 adcInit.o
 .bss           0x100005ac        0x0 dacInit.o
 .bss           0x100005ac        0x0 /usr/local/pkg/lpc1700-cmsis-lite-2011.01.26-i686-1/lib/core_cm3.o
 .bss           0x100005ac        0x0 /usr/local/pkg/lpc1700-cmsis-lite-2011.01.26-i686-1/lib/system_LPC17xx.o
 .bss           0x100005ac        0x0 /usr/local/pkg/lpc1700-cmsis-lite-2011.01.26-i686-1/lib/startup_LPC17xx.o
 .bss           0x100005ac        0x0 /usr/local/pkg/sourcery-g++-lite-arm-eabi-2010.09.51-i686-1/arm-none-eabi/lib/thumb2/libc.a(lib_a-sprintf.o)
 .bss           0x100005ac        0x0 /usr/local/pkg/sourcery-g++-lite-arm-eabi-2010.09.51-i686-1/arm-none-eabi/lib/thumb2/libc.a(lib_a-strcmp.o)
 .bss           0x100005ac        0x0 /usr/local/pkg/sourcery-g++-lite-arm-eabi-2010.09.51-i686-1/arm-none-eabi/lib/thumb2/libc.a(lib_a-strlen.o)
 .bss           0x100005ac        0x0 /usr/local/pkg/sourcery-g++-lite-arm-eabi-2010.09.51-i686-1/arm-none-eabi/lib/thumb2/libc.a(lib_a-svfprintf.o)
 .bss           0x100005ac        0x0 /usr/local/pkg/sourcery-g++-lite-arm-eabi-2010.09.51-i686-1/arm-none-eabi/lib/thumb2/libc.a(lib_a-vsnprintf.o)
 .bss           0x100005ac        0x0 /usr/local/pkg/sourcery-g++-lite-arm-eabi-2010.09.51-i686-1/arm-none-eabi/lib/thumb2/libc.a(lib_a-dtoa.o)
 .bss           0x100005ac        0x0 /usr/local/pkg/sourcery-g++-lite-arm-eabi-2010.09.51-i686-1/arm-none-eabi/lib/thumb2/libc.a(lib_a-impure.o)
 .bss           0x100005ac        0xc /usr/local/pkg/sourcery-g++-lite-arm-eabi-2010.09.51-i686-1/arm-none-eabi/lib/thumb2/libc.a(lib_a-locale.o)
                0x100005ac                __nlocale_changed
                0x100005b0                __mlocale_changed
                0x100005b4                _PathLocale
 .bss           0x100005b8        0x0 /usr/local/pkg/sourcery-g++-lite-arm-eabi-2010.09.51-i686-1/arm-none-eabi/lib/thumb2/libc.a(lib_a-malloc.o)
 .bss           0x100005b8       0x34 /usr/local/pkg/sourcery-g++-lite-arm-eabi-2010.09.51-i686-1/arm-none-eabi/lib/thumb2/libc.a(lib_a-mallocr.o)
                0x100005b8                __malloc_top_pad
                0x100005bc                __malloc_current_mallinfo
                0x100005e4                __malloc_max_sbrked_mem
                0x100005e8                __malloc_max_total_mem
 .bss           0x100005ec        0x0 /usr/local/pkg/sourcery-g++-lite-arm-eabi-2010.09.51-i686-1/arm-none-eabi/lib/thumb2/libc.a(lib_a-memchr.o)
 .bss           0x100005ec        0x0 /usr/local/pkg/sourcery-g++-lite-arm-eabi-2010.09.51-i686-1/arm-none-eabi/lib/thumb2/libc.a(lib_a-memcpy.o)
 .bss           0x100005ec        0x0 /usr/local/pkg/sourcery-g++-lite-arm-eabi-2010.09.51-i686-1/arm-none-eabi/lib/thumb2/libc.a(lib_a-mlock.o)
 .bss           0x100005ec        0x0 /usr/local/pkg/sourcery-g++-lite-arm-eabi-2010.09.51-i686-1/arm-none-eabi/lib/thumb2/libc.a(lib_a-mprec.o)
 .bss           0x100005ec        0x0 /usr/local/pkg/sourcery-g++-lite-arm-eabi-2010.09.51-i686-1/arm-none-eabi/lib/thumb2/libc.a(lib_a-s_fpclassify.o)
 .bss           0x100005ec        0x0 /usr/local/pkg/sourcery-g++-lite-arm-eabi-2010.09.51-i686-1/arm-none-eabi/lib/thumb2/libc.a(lib_a-sbrkr.o)
 .bss           0x100005ec        0x0 /usr/local/pkg/sourcery-g++-lite-arm-eabi-2010.09.51-i686-1/arm-none-eabi/lib/thumb2/libc.a(lib_a-svfiprintf.o)
 .bss           0x100005ec        0x0 /usr/local/pkg/sourcery-g++-lite-arm-eabi-2010.09.51-i686-1/arm-none-eabi/lib/thumb2/libc.a(lib_a-callocr.o)
 .bss           0x100005ec        0x0 /usr/local/pkg/sourcery-g++-lite-arm-eabi-2010.09.51-i686-1/arm-none-eabi/lib/thumb2/libc.a(lib_a-freer.o)
 .bss           0x100005ec        0x0 /usr/local/pkg/sourcery-g++-lite-arm-eabi-2010.09.51-i686-1/arm-none-eabi/lib/thumb2/libc.a(lib_a-memmove.o)
 .bss           0x100005ec        0x0 /usr/local/pkg/sourcery-g++-lite-arm-eabi-2010.09.51-i686-1/arm-none-eabi/lib/thumb2/libc.a(lib_a-memset.o)
 .bss           0x100005ec        0x0 /usr/local/pkg/sourcery-g++-lite-arm-eabi-2010.09.51-i686-1/arm-none-eabi/lib/thumb2/libc.a(lib_a-reallocr.o)
 .bss           0x100005ec        0x0 /usr/local/pkg/sourcery-g++-lite-arm-eabi-2010.09.51-i686-1/arm-none-eabi/lib/thumb2/libc.a(lib_a-reent.o)
 .bss           0x100005ec        0x0 /opt/york/cs/net/sourcery-g++-lite-arm-eabi-2010.09.51-i686-1/bin/../lib/gcc/arm-none-eabi/4.5.1/thumb2/libgcc.a(_udivsi3.o)
 .bss           0x100005ec        0x0 /opt/york/cs/net/sourcery-g++-lite-arm-eabi-2010.09.51-i686-1/bin/../lib/gcc/arm-none-eabi/4.5.1/thumb2/libgcc.a(_dvmd_tls.o)
 .bss           0x100005ec        0x0 /opt/york/cs/net/sourcery-g++-lite-arm-eabi-2010.09.51-i686-1/bin/../lib/gcc/arm-none-eabi/4.5.1/thumb2/libgcc.a(_arm_addsubdf3.o)
 .bss           0x100005ec        0x0 /opt/york/cs/net/sourcery-g++-lite-arm-eabi-2010.09.51-i686-1/bin/../lib/gcc/arm-none-eabi/4.5.1/thumb2/libgcc.a(_arm_muldivdf3.o)
 .bss           0x100005ec        0x0 /opt/york/cs/net/sourcery-g++-lite-arm-eabi-2010.09.51-i686-1/bin/../lib/gcc/arm-none-eabi/4.5.1/thumb2/libgcc.a(_arm_cmpdf2.o)
 .bss           0x100005ec        0x0 /opt/york/cs/net/sourcery-g++-lite-arm-eabi-2010.09.51-i686-1/bin/../lib/gcc/arm-none-eabi/4.5.1/thumb2/libgcc.a(_arm_fixdfsi.o)
 .bss           0x100005ec        0x0 /opt/york/cs/net/sourcery-g++-lite-arm-eabi-2010.09.51-i686-1/bin/../lib/gcc/arm-none-eabi/4.5.1/thumb2/libgcc.a(_aeabi_uldivmod.o)
 .bss           0x100005ec        0x0 /opt/york/cs/net/sourcery-g++-lite-arm-eabi-2010.09.51-i686-1/bin/../lib/gcc/arm-none-eabi/4.5.1/thumb2/libgcc.a(bpabi.o)
 .bss           0x100005ec        0x0 /opt/york/cs/net/sourcery-g++-lite-arm-eabi-2010.09.51-i686-1/bin/../lib/gcc/arm-none-eabi/4.5.1/thumb2/libgcc.a(_divdi3.o)
 .bss           0x100005ec        0x0 /opt/york/cs/net/sourcery-g++-lite-arm-eabi-2010.09.51-i686-1/bin/../lib/gcc/arm-none-eabi/4.5.1/thumb2/libgcc.a(_udivdi3.o)
 .bss           0x100005ec        0x0 /usr/local/pkg/sourcery-g++-lite-arm-eabi-2010.09.51-i686-1/arm-none-eabi/lib/thumb2/libcs3.a(start_c.o)
 .bss           0x100005ec        0x0 /usr/local/pkg/sourcery-g++-lite-arm-eabi-2010.09.51-i686-1/arm-none-eabi/lib/thumb2/libcs3unhosted.a(unhosted-sbrk.o)
 .bss           0x100005ec        0x0 /usr/local/pkg/sourcery-g++-lite-arm-eabi-2010.09.51-i686-1/arm-none-eabi/lib/thumb2/libcs3unhosted.a(unhosted-start.o)
 .bss           0x100005ec        0x0 /usr/local/pkg/sourcery-g++-lite-arm-eabi-2010.09.51-i686-1/arm-none-eabi/lib/thumb2/libc.a(lib_a-errno.o)
 .bss           0x100005ec        0x0 /usr/local/pkg/sourcery-g++-lite-arm-eabi-2010.09.51-i686-1/arm-none-eabi/lib/thumb2/libc.a(lib_a-init.o)
 .bss           0x100005ec        0x0 /usr/local/pkg/sourcery-g++-lite-arm-eabi-2010.09.51-i686-1/arm-none-eabi/lib/thumb2/libcs3.a(heap.o)
 .bss           0x100005ec        0x0 /usr/local/pkg/lpc1700-cmsis-lite-2011.01.26-i686-1/lib/libDriversLPC17xxgnu.a(lpc17xx_adc.o)
 .bss           0x100005ec        0x0 /usr/local/pkg/lpc1700-cmsis-lite-2011.01.26-i686-1/lib/libDriversLPC17xxgnu.a(lpc17xx_clkpwr.o)
 .bss           0x100005ec        0x0 /usr/local/pkg/lpc1700-cmsis-lite-2011.01.26-i686-1/lib/libDriversLPC17xxgnu.a(lpc17xx_dac.o)
 .bss           0x100005ec        0x0 /usr/local/pkg/lpc1700-cmsis-lite-2011.01.26-i686-1/lib/libDriversLPC17xxgnu.a(lpc17xx_i2c.o)
 .bss.i2cdat    0x100005ec       0x18 /usr/local/pkg/lpc1700-cmsis-lite-2011.01.26-i686-1/lib/libDriversLPC17xxgnu.a(lpc17xx_i2c.o)
 .bss.I2C_MasterComplete
                0x10000604        0xc /usr/local/pkg/lpc1700-cmsis-lite-2011.01.26-i686-1/lib/libDriversLPC17xxgnu.a(lpc17xx_i2c.o)
 .bss.I2C_SlaveComplete
                0x10000610        0xc /usr/local/pkg/lpc1700-cmsis-lite-2011.01.26-i686-1/lib/libDriversLPC17xxgnu.a(lpc17xx_i2c.o)
 .bss.I2C_MonitorBufferIndex
                0x1000061c        0x4 /usr/local/pkg/lpc1700-cmsis-lite-2011.01.26-i686-1/lib/libDriversLPC17xxgnu.a(lpc17xx_i2c.o)
 .bss           0x10000620        0x0 /usr/local/pkg/lpc1700-cmsis-lite-2011.01.26-i686-1/lib/libDriversLPC17xxgnu.a(lpc17xx_libcfg_default.o)
 .bss           0x10000620        0x0 /usr/local/pkg/lpc1700-cmsis-lite-2011.01.26-i686-1/lib/libDriversLPC17xxgnu.a(lpc17xx_pinsel.o)
 .bss           0x10000620        0x0 /usr/local/pkg/lpc1700-cmsis-lite-2011.01.26-i686-1/lib/libDriversLPC17xxgnu.a(lpc17xx_systick.o)
 .bss           0x10000620        0x0 /usr/local/pkg/lpc1700-cmsis-lite-2011.01.26-i686-1/lib/libDriversLPC17xxgnu.a(lpc17xx_timer.o)
 .bss           0x10000620        0x0 /usr/local/pkg/lpc1700-cmsis-lite-2011.01.26-i686-1/lib/libDriversLPC17xxgnu.a(lpc17xx_uart.o)
 .bss           0x10000620        0x0 /opt/york/cs/net/sourcery-g++-lite-arm-eabi-2010.09.51-i686-1/bin/../lib/gcc/arm-none-eabi/4.5.1/thumb2/libgcc.a(_arm_addsubsf3.o)
 .bss           0x10000620        0x0 /opt/york/cs/net/sourcery-g++-lite-arm-eabi-2010.09.51-i686-1/bin/../lib/gcc/arm-none-eabi/4.5.1/thumb2/libgcc.a(_arm_cmpsf2.o)
 .bss           0x10000620        0x0 /opt/york/cs/net/sourcery-g++-lite-arm-eabi-2010.09.51-i686-1/bin/../lib/gcc/arm-none-eabi/4.5.1/thumb2/crtend.o
 .bss           0x10000620        0x0 /opt/york/cs/net/sourcery-g++-lite-arm-eabi-2010.09.51-i686-1/bin/../lib/gcc/arm-none-eabi/4.5.1/thumb2/crtn.o
 *(COMMON)
 COMMON         0x10000620     0x2000 EffectGenerator.o
                0x10000620                sampleBuffer
 COMMON         0x10002620       0x31 i2cInit.o
                0x10002620                transferCfg
                0x1000264c                PinCfg
 *fill*         0x10002651        0x3 00
 COMMON         0x10002654        0x4 interInit.o
                0x10002654                tickCounter
 COMMON         0x10002658       0xcc keypadComms.o
                0x10002658                rxBuffer
                0x10002659                txBuffer
                0x1000265c                toPrint
 COMMON         0x10002724       0x14 timerInit.o
                0x10002724                timerMatch_cfg
                0x10002730                timer_cfg
 COMMON         0x10002738        0x4 /usr/local/pkg/sourcery-g++-lite-arm-eabi-2010.09.51-i686-1/arm-none-eabi/lib/thumb2/libc.a(lib_a-reent.o)
                0x10002738                errno
 *(.ram.b)
                0x10002740                . = ALIGN (0x8)
 *fill*         0x1000273c        0x4 00
                0x10002740                _end = .
                0x10002740                __end = .

.usb_ram
 *.o(USB_RAM)

.heap           0x10002740     0x1000
 *(.heap)
 .heap          0x10002740     0x1000 /usr/local/pkg/lpc1700-cmsis-lite-2011.01.26-i686-1/lib/startup_LPC17xx.o
                0x10002740                __cs3_heap_start
                0x10003740                __cs3_heap_end

.stack          0x10007f00      0x100
 *(.stack)
 .stack         0x10007f00      0x100 /usr/local/pkg/lpc1700-cmsis-lite-2011.01.26-i686-1/lib/startup_LPC17xx.o
                0x10007f00                __cs3_stack_mem
                0x10008000                _estack = .
                0x10008000                PROVIDE (estack, .)
                0x0000cad0                __cs3_region_init_ram = LOADADDR (.data)
                0x000005a8                __cs3_region_init_size_ram = (_edata - __cs3_region_start_ram)
                0x00002198                __cs3_region_zero_size_ram = (_end - _edata)
                0x00008000                __cs3_region_size_ram = 0x8000
                0x00000001                __cs3_region_num = 0x1

.stab
 *(.stab)

.stabstr
 *(.stabstr)

.debug
 *(.debug)

.line
 *(.line)

.debug_srcinfo
 *(.debug_srcinfo)

.debug_sfnames
 *(.debug_sfnames)

.comment        0x00000000       0x2a
 .comment       0x00000000       0x2a EffectGenerator.o
                                 0x2b (size before relaxing)
 .comment       0x00000000       0x2b debug.o
 .comment       0x00000000       0x2b i2cInit.o
 .comment       0x00000000       0x2b lcdInit.o
 .comment       0x00000000       0x2b interInit.o
 .comment       0x00000000       0x2b keypadComms.o
 .comment       0x00000000       0x2b timerInit.o
 .comment       0x00000000       0x2b adcInit.o
 .comment       0x00000000       0x2b dacInit.o
 .comment       0x00000000       0x2b /usr/local/pkg/lpc1700-cmsis-lite-2011.01.26-i686-1/lib/core_cm3.o
 .comment       0x00000000       0x2b /usr/local/pkg/lpc1700-cmsis-lite-2011.01.26-i686-1/lib/system_LPC17xx.o
 .comment       0x00000000       0x2b /usr/local/pkg/lpc1700-cmsis-lite-2011.01.26-i686-1/lib/libDriversLPC17xxgnu.a(lpc17xx_adc.o)
 .comment       0x00000000       0x2b /usr/local/pkg/lpc1700-cmsis-lite-2011.01.26-i686-1/lib/libDriversLPC17xxgnu.a(lpc17xx_clkpwr.o)
 .comment       0x00000000       0x2b /usr/local/pkg/lpc1700-cmsis-lite-2011.01.26-i686-1/lib/libDriversLPC17xxgnu.a(lpc17xx_dac.o)
 .comment       0x00000000       0x2b /usr/local/pkg/lpc1700-cmsis-lite-2011.01.26-i686-1/lib/libDriversLPC17xxgnu.a(lpc17xx_i2c.o)
 .comment       0x00000000       0x2b /usr/local/pkg/lpc1700-cmsis-lite-2011.01.26-i686-1/lib/libDriversLPC17xxgnu.a(lpc17xx_libcfg_default.o)
 .comment       0x00000000       0x2b /usr/local/pkg/lpc1700-cmsis-lite-2011.01.26-i686-1/lib/libDriversLPC17xxgnu.a(lpc17xx_pinsel.o)
 .comment       0x00000000       0x2b /usr/local/pkg/lpc1700-cmsis-lite-2011.01.26-i686-1/lib/libDriversLPC17xxgnu.a(lpc17xx_systick.o)
 .comment       0x00000000       0x2b /usr/local/pkg/lpc1700-cmsis-lite-2011.01.26-i686-1/lib/libDriversLPC17xxgnu.a(lpc17xx_timer.o)
 .comment       0x00000000       0x2b /usr/local/pkg/lpc1700-cmsis-lite-2011.01.26-i686-1/lib/libDriversLPC17xxgnu.a(lpc17xx_uart.o)

.debug_aranges  0x00000000      0x6c0
 *(.debug_aranges)
 .debug_aranges
                0x00000000       0x30 EffectGenerator.o
 .debug_aranges
                0x00000030       0x68 debug.o
 .debug_aranges
                0x00000098       0x28 i2cInit.o
 .debug_aranges
                0x000000c0       0x58 lcdInit.o
 .debug_aranges
                0x00000118       0x30 interInit.o
 .debug_aranges
                0x00000148       0x50 keypadComms.o
 .debug_aranges
                0x00000198       0x50 timerInit.o
 .debug_aranges
                0x000001e8       0x30 adcInit.o
 .debug_aranges
                0x00000218       0x28 dacInit.o
 .debug_aranges
                0x00000240       0x28 /usr/local/pkg/lpc1700-cmsis-lite-2011.01.26-i686-1/lib/system_LPC17xx.o
 .debug_aranges
                0x00000268       0x28 /usr/local/pkg/lpc1700-cmsis-lite-2011.01.26-i686-1/lib/startup_LPC17xx.o
 .debug_aranges
                0x00000290       0x80 /usr/local/pkg/lpc1700-cmsis-lite-2011.01.26-i686-1/lib/libDriversLPC17xxgnu.a(lpc17xx_adc.o)
 .debug_aranges
                0x00000310       0x58 /usr/local/pkg/lpc1700-cmsis-lite-2011.01.26-i686-1/lib/libDriversLPC17xxgnu.a(lpc17xx_clkpwr.o)
 .debug_aranges
                0x00000368       0x40 /usr/local/pkg/lpc1700-cmsis-lite-2011.01.26-i686-1/lib/libDriversLPC17xxgnu.a(lpc17xx_dac.o)
 .debug_aranges
                0x000003a8       0xd0 /usr/local/pkg/lpc1700-cmsis-lite-2011.01.26-i686-1/lib/libDriversLPC17xxgnu.a(lpc17xx_i2c.o)
 .debug_aranges
                0x00000478       0x20 /usr/local/pkg/lpc1700-cmsis-lite-2011.01.26-i686-1/lib/libDriversLPC17xxgnu.a(lpc17xx_libcfg_default.o)
 .debug_aranges
                0x00000498       0x48 /usr/local/pkg/lpc1700-cmsis-lite-2011.01.26-i686-1/lib/libDriversLPC17xxgnu.a(lpc17xx_pinsel.o)
 .debug_aranges
                0x000004e0       0x48 /usr/local/pkg/lpc1700-cmsis-lite-2011.01.26-i686-1/lib/libDriversLPC17xxgnu.a(lpc17xx_systick.o)
 .debug_aranges
                0x00000528       0x98 /usr/local/pkg/lpc1700-cmsis-lite-2011.01.26-i686-1/lib/libDriversLPC17xxgnu.a(lpc17xx_timer.o)
 .debug_aranges
                0x000005c0      0x100 /usr/local/pkg/lpc1700-cmsis-lite-2011.01.26-i686-1/lib/libDriversLPC17xxgnu.a(lpc17xx_uart.o)

.debug_pubnames
                0x00000000      0xd04
 *(.debug_pubnames)
 .debug_pubnames
                0x00000000       0x72 EffectGenerator.o
 .debug_pubnames
                0x00000072       0xd1 debug.o
 .debug_pubnames
                0x00000143       0x4c i2cInit.o
 .debug_pubnames
                0x0000018f       0xa4 lcdInit.o
 .debug_pubnames
                0x00000233       0x4f interInit.o
 .debug_pubnames
                0x00000282       0xea keypadComms.o
 .debug_pubnames
                0x0000036c       0x8a timerInit.o
 .debug_pubnames
                0x000003f6       0x2f adcInit.o
 .debug_pubnames
                0x00000425       0x30 dacInit.o
 .debug_pubnames
                0x00000455       0x4f /usr/local/pkg/lpc1700-cmsis-lite-2011.01.26-i686-1/lib/system_LPC17xx.o
 .debug_pubnames
                0x000004a4      0x110 /usr/local/pkg/lpc1700-cmsis-lite-2011.01.26-i686-1/lib/libDriversLPC17xxgnu.a(lpc17xx_adc.o)
 .debug_pubnames
                0x000005b4       0xbb /usr/local/pkg/lpc1700-cmsis-lite-2011.01.26-i686-1/lib/libDriversLPC17xxgnu.a(lpc17xx_clkpwr.o)
 .debug_pubnames
                0x0000066f       0x7a /usr/local/pkg/lpc1700-cmsis-lite-2011.01.26-i686-1/lib/libDriversLPC17xxgnu.a(lpc17xx_dac.o)
 .debug_pubnames
                0x000006e9      0x163 /usr/local/pkg/lpc1700-cmsis-lite-2011.01.26-i686-1/lib/libDriversLPC17xxgnu.a(lpc17xx_i2c.o)
 .debug_pubnames
                0x0000084c       0x23 /usr/local/pkg/lpc1700-cmsis-lite-2011.01.26-i686-1/lib/libDriversLPC17xxgnu.a(lpc17xx_libcfg_default.o)
 .debug_pubnames
                0x0000086f       0x59 /usr/local/pkg/lpc1700-cmsis-lite-2011.01.26-i686-1/lib/libDriversLPC17xxgnu.a(lpc17xx_pinsel.o)
 .debug_pubnames
                0x000008c8       0xa0 /usr/local/pkg/lpc1700-cmsis-lite-2011.01.26-i686-1/lib/libDriversLPC17xxgnu.a(lpc17xx_systick.o)
 .debug_pubnames
                0x00000968      0x12b /usr/local/pkg/lpc1700-cmsis-lite-2011.01.26-i686-1/lib/libDriversLPC17xxgnu.a(lpc17xx_timer.o)
 .debug_pubnames
                0x00000a93      0x271 /usr/local/pkg/lpc1700-cmsis-lite-2011.01.26-i686-1/lib/libDriversLPC17xxgnu.a(lpc17xx_uart.o)

.debug_info     0x00000000     0x6d00
 *(.debug_info .gnu.linkonce.wi.*)
 .debug_info    0x00000000      0x2a5 EffectGenerator.o
 .debug_info    0x000002a5      0x6f1 debug.o
 .debug_info    0x00000996      0x3fd i2cInit.o
 .debug_info    0x00000d93      0x4db lcdInit.o
 .debug_info    0x0000126e      0x13c interInit.o
 .debug_info    0x000013aa      0x4c5 keypadComms.o
 .debug_info    0x0000186f      0x85a timerInit.o
 .debug_info    0x000020c9      0x586 adcInit.o
 .debug_info    0x0000264f      0x1bb dacInit.o
 .debug_info    0x0000280a       0x68 /usr/local/pkg/lpc1700-cmsis-lite-2011.01.26-i686-1/lib/core_cm3.o
 .debug_info    0x00002872      0x509 /usr/local/pkg/lpc1700-cmsis-lite-2011.01.26-i686-1/lib/system_LPC17xx.o
 .debug_info    0x00002d7b       0xc1 /usr/local/pkg/lpc1700-cmsis-lite-2011.01.26-i686-1/lib/startup_LPC17xx.o
 .debug_info    0x00002e3c      0x613 /usr/local/pkg/lpc1700-cmsis-lite-2011.01.26-i686-1/lib/libDriversLPC17xxgnu.a(lpc17xx_adc.o)
 .debug_info    0x0000344f      0x6c5 /usr/local/pkg/lpc1700-cmsis-lite-2011.01.26-i686-1/lib/libDriversLPC17xxgnu.a(lpc17xx_clkpwr.o)
 .debug_info    0x00003b14      0x28c /usr/local/pkg/lpc1700-cmsis-lite-2011.01.26-i686-1/lib/libDriversLPC17xxgnu.a(lpc17xx_dac.o)
 .debug_info    0x00003da0      0xdac /usr/local/pkg/lpc1700-cmsis-lite-2011.01.26-i686-1/lib/libDriversLPC17xxgnu.a(lpc17xx_i2c.o)
 .debug_info    0x00004b4c       0xc9 /usr/local/pkg/lpc1700-cmsis-lite-2011.01.26-i686-1/lib/libDriversLPC17xxgnu.a(lpc17xx_libcfg_default.o)
 .debug_info    0x00004c15      0x4b5 /usr/local/pkg/lpc1700-cmsis-lite-2011.01.26-i686-1/lib/libDriversLPC17xxgnu.a(lpc17xx_pinsel.o)
 .debug_info    0x000050ca      0x25c /usr/local/pkg/lpc1700-cmsis-lite-2011.01.26-i686-1/lib/libDriversLPC17xxgnu.a(lpc17xx_systick.o)
 .debug_info    0x00005326      0x88d /usr/local/pkg/lpc1700-cmsis-lite-2011.01.26-i686-1/lib/libDriversLPC17xxgnu.a(lpc17xx_timer.o)
 .debug_info    0x00005bb3     0x114d /usr/local/pkg/lpc1700-cmsis-lite-2011.01.26-i686-1/lib/libDriversLPC17xxgnu.a(lpc17xx_uart.o)

.debug_abbrev   0x00000000     0x1924
 *(.debug_abbrev)
 .debug_abbrev  0x00000000      0x128 EffectGenerator.o
 .debug_abbrev  0x00000128      0x1c3 debug.o
 .debug_abbrev  0x000002eb      0x162 i2cInit.o
 .debug_abbrev  0x0000044d      0x18d lcdInit.o
 .debug_abbrev  0x000005da       0xd3 interInit.o
 .debug_abbrev  0x000006ad      0x171 keypadComms.o
 .debug_abbrev  0x0000081e      0x189 timerInit.o
 .debug_abbrev  0x000009a7      0x187 adcInit.o
 .debug_abbrev  0x00000b2e       0xcb dacInit.o
 .debug_abbrev  0x00000bf9       0x28 /usr/local/pkg/lpc1700-cmsis-lite-2011.01.26-i686-1/lib/core_cm3.o
 .debug_abbrev  0x00000c21      0x102 /usr/local/pkg/lpc1700-cmsis-lite-2011.01.26-i686-1/lib/system_LPC17xx.o
 .debug_abbrev  0x00000d23       0x12 /usr/local/pkg/lpc1700-cmsis-lite-2011.01.26-i686-1/lib/startup_LPC17xx.o
 .debug_abbrev  0x00000d35      0x13d /usr/local/pkg/lpc1700-cmsis-lite-2011.01.26-i686-1/lib/libDriversLPC17xxgnu.a(lpc17xx_adc.o)
 .debug_abbrev  0x00000e72      0x195 /usr/local/pkg/lpc1700-cmsis-lite-2011.01.26-i686-1/lib/libDriversLPC17xxgnu.a(lpc17xx_clkpwr.o)
 .debug_abbrev  0x00001007       0xea /usr/local/pkg/lpc1700-cmsis-lite-2011.01.26-i686-1/lib/libDriversLPC17xxgnu.a(lpc17xx_dac.o)
 .debug_abbrev  0x000010f1      0x214 /usr/local/pkg/lpc1700-cmsis-lite-2011.01.26-i686-1/lib/libDriversLPC17xxgnu.a(lpc17xx_i2c.o)
 .debug_abbrev  0x00001305       0x68 /usr/local/pkg/lpc1700-cmsis-lite-2011.01.26-i686-1/lib/libDriversLPC17xxgnu.a(lpc17xx_libcfg_default.o)
 .debug_abbrev  0x0000136d      0x11d /usr/local/pkg/lpc1700-cmsis-lite-2011.01.26-i686-1/lib/libDriversLPC17xxgnu.a(lpc17xx_pinsel.o)
 .debug_abbrev  0x0000148a      0x118 /usr/local/pkg/lpc1700-cmsis-lite-2011.01.26-i686-1/lib/libDriversLPC17xxgnu.a(lpc17xx_systick.o)
 .debug_abbrev  0x000015a2      0x1b4 /usr/local/pkg/lpc1700-cmsis-lite-2011.01.26-i686-1/lib/libDriversLPC17xxgnu.a(lpc17xx_timer.o)
 .debug_abbrev  0x00001756      0x1ce /usr/local/pkg/lpc1700-cmsis-lite-2011.01.26-i686-1/lib/libDriversLPC17xxgnu.a(lpc17xx_uart.o)

.debug_line     0x00000000     0x32b3
 *(.debug_line)
 .debug_line    0x00000000      0x155 EffectGenerator.o
 .debug_line    0x00000155      0x24e debug.o
 .debug_line    0x000003a3      0x16b i2cInit.o
 .debug_line    0x0000050e      0x220 lcdInit.o
 .debug_line    0x0000072e      0x138 interInit.o
 .debug_line    0x00000866      0x1ea keypadComms.o
 .debug_line    0x00000a50      0x1af timerInit.o
 .debug_line    0x00000bff      0x18b adcInit.o
 .debug_line    0x00000d8a      0x134 dacInit.o
 .debug_line    0x00000ebe       0x1d /usr/local/pkg/lpc1700-cmsis-lite-2011.01.26-i686-1/lib/core_cm3.o
 .debug_line    0x00000edb      0x1e4 /usr/local/pkg/lpc1700-cmsis-lite-2011.01.26-i686-1/lib/system_LPC17xx.o
 .debug_line    0x000010bf       0xb1 /usr/local/pkg/lpc1700-cmsis-lite-2011.01.26-i686-1/lib/startup_LPC17xx.o
 .debug_line    0x00001170      0x386 /usr/local/pkg/lpc1700-cmsis-lite-2011.01.26-i686-1/lib/libDriversLPC17xxgnu.a(lpc17xx_adc.o)
 .debug_line    0x000014f6      0x29a /usr/local/pkg/lpc1700-cmsis-lite-2011.01.26-i686-1/lib/libDriversLPC17xxgnu.a(lpc17xx_clkpwr.o)
 .debug_line    0x00001790      0x20f /usr/local/pkg/lpc1700-cmsis-lite-2011.01.26-i686-1/lib/libDriversLPC17xxgnu.a(lpc17xx_dac.o)
 .debug_line    0x0000199f      0x67c /usr/local/pkg/lpc1700-cmsis-lite-2011.01.26-i686-1/lib/libDriversLPC17xxgnu.a(lpc17xx_i2c.o)
 .debug_line    0x0000201b       0xc4 /usr/local/pkg/lpc1700-cmsis-lite-2011.01.26-i686-1/lib/libDriversLPC17xxgnu.a(lpc17xx_libcfg_default.o)
 .debug_line    0x000020df      0x220 /usr/local/pkg/lpc1700-cmsis-lite-2011.01.26-i686-1/lib/libDriversLPC17xxgnu.a(lpc17xx_pinsel.o)
 .debug_line    0x000022ff      0x22c /usr/local/pkg/lpc1700-cmsis-lite-2011.01.26-i686-1/lib/libDriversLPC17xxgnu.a(lpc17xx_systick.o)
 .debug_line    0x0000252b      0x500 /usr/local/pkg/lpc1700-cmsis-lite-2011.01.26-i686-1/lib/libDriversLPC17xxgnu.a(lpc17xx_timer.o)
 .debug_line    0x00002a2b      0x888 /usr/local/pkg/lpc1700-cmsis-lite-2011.01.26-i686-1/lib/libDriversLPC17xxgnu.a(lpc17xx_uart.o)

.debug_frame    0x00000000     0x1cc8
 *(.debug_frame)
 .debug_frame   0x00000000       0x68 EffectGenerator.o
 .debug_frame   0x00000068      0x15c debug.o
 .debug_frame   0x000001c4       0x50 i2cInit.o
 .debug_frame   0x00000214      0x104 lcdInit.o
 .debug_frame   0x00000318       0x60 interInit.o
 .debug_frame   0x00000378       0xd0 keypadComms.o
 .debug_frame   0x00000448       0xd8 timerInit.o
 .debug_frame   0x00000520       0x68 adcInit.o
 .debug_frame   0x00000588       0x50 dacInit.o
 .debug_frame   0x000005d8       0x40 /usr/local/pkg/lpc1700-cmsis-lite-2011.01.26-i686-1/lib/system_LPC17xx.o
 .debug_frame   0x00000618       0x64 /usr/local/pkg/sourcery-g++-lite-arm-eabi-2010.09.51-i686-1/arm-none-eabi/lib/thumb2/libc.a(lib_a-sprintf.o)
 .debug_frame   0x0000067c       0x30 /usr/local/pkg/sourcery-g++-lite-arm-eabi-2010.09.51-i686-1/arm-none-eabi/lib/thumb2/libc.a(lib_a-strcmp.o)
 .debug_frame   0x000006ac       0x20 /usr/local/pkg/sourcery-g++-lite-arm-eabi-2010.09.51-i686-1/arm-none-eabi/lib/thumb2/libc.a(lib_a-strlen.o)
 .debug_frame   0x000006cc       0x3c /usr/local/pkg/sourcery-g++-lite-arm-eabi-2010.09.51-i686-1/arm-none-eabi/lib/thumb2/libc.a(lib_a-svfprintf.o)
 .debug_frame   0x00000708       0x58 /usr/local/pkg/sourcery-g++-lite-arm-eabi-2010.09.51-i686-1/arm-none-eabi/lib/thumb2/libc.a(lib_a-vsnprintf.o)
 .debug_frame   0x00000760       0x68 /usr/local/pkg/sourcery-g++-lite-arm-eabi-2010.09.51-i686-1/arm-none-eabi/lib/thumb2/libc.a(lib_a-dtoa.o)